
tests/bun/query-api.test.js:
(pass) T31 selector query surface shape > the facade installs the query methods with frozen descriptors [0.17ms]
(pass) querySelectorAll (T31) > returns a static NodeList snapshot in document order [4.55ms]
(pass) querySelectorAll (T31) > a later mutation does not change an already returned collection [0.62ms]
(pass) querySelectorAll (T31) > each call returns a fresh collection while elements keep identity [0.29ms]
(pass) querySelectorAll (T31) > an element scope matches descendants only [0.84ms]
(pass) querySelector (T31) > returns the first document-order match or null [0.63ms]
(pass) querySelector (T31) > a selector with a syntax error throws the frozen taxonomy [0.29ms]
(pass) querySelector (T31) > WebIDL DOMString shaping applies to the selector argument [0.53ms]
(pass) matches and closest (T31) > matches tests the element itself [0.28ms]
(pass) matches and closest (T31) > closest walks up from the receiver itself [0.48ms]
(pass) getElementById (T31) > returns the first matching element or null [0.71ms]
(pass) getElementById (T31) > a fresh document has nothing to find [0.14ms]
(pass) query identity (T31) > query results are the same wrappers across entry points [0.65ms]
(pass) query identity (T31) > adaptive id lookups preserve identity and duplicate document order after mutations [0.83ms]
(pass) static NodeList surface (T31) > forEach / entries / keys / values / iterator behave like a NodeList [0.56ms]
(pass) query errors (T31) > non-element receivers hold no query members (T48A happy-dom parity) [0.38ms]
(pass) query errors (T31) > a destroyed document fails every query surface per T21 [0.29ms]

tests/bun/navigation-memo.test.js:
(pass) navigation memo correctness > memoized reads invalidate on remove / insert / replace [0.78ms]
(pass) navigation memo correctness > memoized reads invalidate on innerHTML / textContent writes [0.46ms]
(pass) navigation memo correctness > parentNode memo follows attach / detach [0.19ms]
(pass) navigation memo correctness > long sibling walks keep every seeded relation correct and invalidate on mutation [0.33ms]
(pass) navigation memo correctness > first-child pair seeds short axes and invalidates every relation [0.34ms]
(pass) navigation memo correctness > bounded sibling fallback crosses an ultra-wide parent exactly once [6.97ms]
(pass) navigation memo correctness > wrappers stay identity-stable across GC while the document is held [89.66ms]
(pass) native epoch and classification stamps > epochView registers a 4-byte epoch that bumps on structural mutation [0.37ms]
(pass) native epoch and classification stamps > minted handles carry their immutable classification stamp [0.10ms]
(pass) native epoch and classification stamps > navigation keeps the frozen null and identity semantics [6.08ms]
(pass) navigation memo never masks lifecycle errors > reads after destroy miss the memo and surface the destroyed error [0.62ms]
(pass) navigation memo never masks lifecycle errors > a childless fast read revalidates an adoption-stale wrapper [0.65ms]

tests/bun/lazy-token-fast-path.test.js:
(pass) document-scoped lazy node tokens > token creation, writes, materialization and identity share one Core node [0.16ms]
(pass) document-scoped lazy node tokens > tokens are scoped to their document and batches enforce their bound [1.28ms]
(pass) document-scoped lazy node tokens > token ranges register every contiguous token without a result array [0.93ms]
(pass) document-scoped lazy node tokens > compact preorder descriptors stay synchronized with the facade table [0.25ms]
(pass) document-scoped lazy node tokens > preorder snapshots flag only tokens assigned by that snapshot [0.22ms]
(pass) document-scoped lazy node tokens > structural and attribute epoch views change independently and terminate [0.08ms]
(pass) document-scoped lazy node tokens > destroyed-document errors precede token batch validation [0.12ms]
(pass) facade lazy-token convergence > a fully legacy binding ignores inherited optional performance methods [79.72ms]
(pass) facade lazy-token convergence > a partial binding without materialization disables lazy creation and snapshots [81.31ms]
(pass) facade lazy-token convergence > adaptive pools return every prefetched token before truncating the batch [1.22ms]
(pass) facade lazy-token convergence > an older binding without token ranges falls back to the batch method [0.33ms]
(pass) facade lazy-token convergence > raw handles minted before facade setup converge with token snapshots [0.34ms]
(pass) facade lazy-token convergence > mixed fresh/existing snapshot wrappers converge with the right prototypes [0.65ms]
(pass) facade lazy-token convergence > snapshot prototype selection ignores post-import prototype poisoning [0.41ms]
(pass) facade lazy-token convergence > hot writes stay token-only until a handle-producing read converges identity [0.39ms]
(pass) facade lazy-token convergence > text wrappers keep identity across token chunks and interleaved documents [7.33ms]
(pass) facade lazy-token convergence > an unwrapped token cannot inherit a forged wrapper from a numeric property [0.51ms]
(pass) facade lazy-token convergence > destroy clears prefetched element tokens before another facade create [0.40ms]
(pass) facade lazy-token convergence > fresh-token proof is read only after name coercion re-entry [0.18ms]
(pass) facade lazy-token convergence > a frozen lazy wrapper can materialize without losing identity [0.23ms]
(pass) facade lazy-token convergence > selection keeps a lazily materialized wrapper after token-cache teardown [0.71ms]
(pass) facade lazy-token convergence > a bundled cold read fills both attribute slots and invalidates atomically [0.35ms]
(pass) facade lazy-token convergence > facade-local token writes still publish ordinary raw epoch views [0.22ms]
(pass) facade lazy-token convergence > preorder hydration continues beyond the 65,535-node native chunk [657.09ms]

 53 pass
 0 fail
 521 expect() calls
Ran 53 tests across 3 files. [1064.00ms]
