
tests/bun/ffi-memory.test.js:
(pass) Bun FFI memory and GC protocol > bounded churn returns every native lifecycle counter to baseline (FFI-enabled) [491.85ms]
(pass) Bun FFI memory and GC protocol > the same churn returns the same counters to baseline on the Node-API channel [444.28ms]
(pass) Bun FFI memory and GC protocol > explicit destroy releases documents without any GC, and counters drain after collect [18.38ms]
(pass) Bun FFI memory and GC protocol > native external ArrayBuffer callbacks honor retain/destroy/GC and release once [213.17ms]
(pass) FFI loader output memory protocol > bounded hints and length leases isolate real reentrant calls and recover after faults [97.09ms]
(pass) FFI loader output memory protocol > all owned adapter outputs survive alternating multi-document results and destroy [126.37ms]
(pass) FFI loader output memory protocol > live Worker adapters isolate owners and transferred results survive churn and destroy [82.85ms]
(pass) FFI loader output memory protocol > corrupt output lengths cannot cause duplicate mutations or unbounded allocation [119.02ms]
(pass) FFI loader output memory protocol > createElements is served single-shot at any legal batch size [3.84ms]
(pass) FFI loader output memory protocol > destroyed-document FFI calls surface the frozen error, not a crash [0.39ms]
(pass) FFI loader output memory protocol > FFI copies and Node-API token buffers survive later calls, transfer, GC and destroy [8.30ms]
(pass) FFI loader output memory protocol > input lengths use the real view and mutable/detached stores are rejected [0.93ms]

tests/bun/native-loader.test.js:
(pass) T49 platform package naming (ADR-0005 §5) > maps every supported os/arch to the pinned platform-package name [0.10ms]
(pass) T49 platform package naming (ADR-0005 §5) > libc is explicit on linux and absent elsewhere [0.05ms]
(pass) T49 platform package naming (ADR-0005 §5) > platforms outside the matrix return null (unsupported) [0.04ms]
(pass) T49 platform package naming (ADR-0005 §5) > the expected ABI constant matches the binding's probe [0.04ms]
(pass) T49 platform info (ADR-0005 §6) > reports the host platform with no libc on non-linux [0.06ms]
(pass) T49 platform info (ADR-0005 §6) > honors the MAD_DOM_TEST_* overrides used by the install smoke [0.05ms]
(pass) T49 load-time error contract (ADR-0005 §9) > an unsupported platform fails fast with a stable code and message structure [11.85ms]
(pass) T49 load-time error contract (ADR-0005 §9) > a supported platform without an installed platform package fails with reinstall guidance [11.92ms]
(pass) T49 load-time error contract (ADR-0005 §9) > an ABI mismatch fails with MAD_DOM_ABI_MISMATCH naming both ABI versions [12.60ms]
(pass) T49 load-time error contract (ADR-0005 §9) > the happy path loads the dev artifact and passes the ABI probe [13.85ms]
(pass) T49 load-time error contract (ADR-0005 §9) > resetNativeLoaderForTests clears the cached resolution state [0.15ms]

 23 pass
 0 fail
 712 expect() calls
Ran 23 tests across 2 files. [1.71s]
