
tests/bun/query-api.test.js:
(pass) T31 selector query surface shape > the facade installs the query methods with frozen descriptors [0.14ms]
(pass) querySelectorAll (T31) > returns a static NodeList snapshot in document order [4.53ms]
(pass) querySelectorAll (T31) > a later mutation does not change an already returned collection [0.60ms]
(pass) querySelectorAll (T31) > each call returns a fresh collection while elements keep identity [0.24ms]
(pass) querySelectorAll (T31) > an element scope matches descendants only [0.74ms]
(pass) querySelector (T31) > returns the first document-order match or null [0.42ms]
(pass) querySelector (T31) > a selector with a syntax error throws the frozen taxonomy [0.30ms]
(pass) querySelector (T31) > WebIDL DOMString shaping applies to the selector argument [0.44ms]
(pass) matches and closest (T31) > matches tests the element itself [0.25ms]
(pass) matches and closest (T31) > closest walks up from the receiver itself [0.57ms]
(pass) getElementById (T31) > returns the first matching element or null [0.70ms]
(pass) getElementById (T31) > a fresh document has nothing to find [0.11ms]
(pass) query identity (T31) > query results are the same wrappers across entry points [0.54ms]
(pass) query identity (T31) > adaptive id lookups preserve identity and duplicate document order after mutations [0.55ms]
(pass) static NodeList surface (T31) > forEach / entries / keys / values / iterator behave like a NodeList [0.58ms]
(pass) query errors (T31) > non-element receivers hold no query members (T48A happy-dom parity) [0.37ms]
(pass) query errors (T31) > a destroyed document fails every query surface per T21 [0.26ms]

tests/bun/navigation-memo.test.js:
(pass) navigation memo correctness > memoized reads invalidate on remove / insert / replace [0.71ms]
(pass) navigation memo correctness > memoized reads invalidate on innerHTML / textContent writes [0.46ms]
(pass) navigation memo correctness > parentNode memo follows attach / detach [0.20ms]
(pass) navigation memo correctness > long sibling walks keep every seeded relation correct and invalidate on mutation [0.26ms]
(pass) navigation memo correctness > first-child pair seeds short axes and invalidates every relation [0.28ms]
(pass) navigation memo correctness > bounded sibling fallback crosses an ultra-wide parent exactly once [6.61ms]
(pass) navigation memo correctness > wrappers stay identity-stable across GC while the document is held [49.91ms]
(pass) native epoch and classification stamps > epochView registers a 4-byte epoch that bumps on structural mutation [0.30ms]
(pass) native epoch and classification stamps > minted handles carry their immutable classification stamp [0.10ms]
(pass) native epoch and classification stamps > navigation keeps the frozen null and identity semantics [4.17ms]
(pass) navigation memo never masks lifecycle errors > reads after destroy miss the memo and surface the destroyed error [0.53ms]
(pass) navigation memo never masks lifecycle errors > a childless fast read revalidates an adoption-stale wrapper [0.64ms]

tests/bun/lazy-token-fast-path.test.js:
(pass) document-scoped lazy node tokens > token creation, writes, materialization and identity share one Core node [0.18ms]
(pass) document-scoped lazy node tokens > tokens are scoped to their document and batches enforce their bound [1.21ms]
(pass) document-scoped lazy node tokens > token ranges register every contiguous token without a result array [0.91ms]
(pass) document-scoped lazy node tokens > compact preorder descriptors stay synchronized with the facade table [0.34ms]
(pass) document-scoped lazy node tokens > preorder snapshots flag only tokens assigned by that snapshot [0.24ms]
(pass) document-scoped lazy node tokens > structural and attribute epoch views change independently and terminate [0.08ms]
(pass) document-scoped lazy node tokens > destroyed-document errors precede token batch validation [0.15ms]
(pass) facade lazy-token convergence > a fully legacy binding ignores inherited optional performance methods [63.32ms]
(pass) facade lazy-token convergence > a partial binding without materialization disables lazy creation and snapshots [68.59ms]
(pass) facade lazy-token convergence > adaptive pools return every prefetched token before truncating the batch [1.47ms]
(pass) facade lazy-token convergence > an older binding without token ranges falls back to the batch method [0.47ms]
(pass) facade lazy-token convergence > raw handles minted before facade setup converge with token snapshots [0.40ms]
(pass) facade lazy-token convergence > mixed fresh/existing snapshot wrappers converge with the right prototypes [0.83ms]
(pass) facade lazy-token convergence > snapshot prototype selection ignores post-import prototype poisoning [0.55ms]
(pass) facade lazy-token convergence > hot writes stay token-only until a handle-producing read converges identity [0.51ms]
(pass) facade lazy-token convergence > text wrappers keep identity across token chunks and interleaved documents [9.21ms]
(pass) facade lazy-token convergence > an unwrapped token cannot inherit a forged wrapper from a numeric property [0.72ms]
(pass) facade lazy-token convergence > destroy clears prefetched element tokens before another facade create [0.54ms]
(pass) facade lazy-token convergence > fresh-token proof is read only after name coercion re-entry [0.21ms]
(pass) facade lazy-token convergence > a frozen lazy wrapper can materialize without losing identity [0.24ms]
(pass) facade lazy-token convergence > selection keeps a lazily materialized wrapper after token-cache teardown [0.73ms]
(pass) facade lazy-token convergence > a bundled cold read fills both attribute slots and invalidates atomically [0.35ms]
(pass) facade lazy-token convergence > facade-local token writes still publish ordinary raw epoch views [0.22ms]
(pass) facade lazy-token convergence > preorder hydration continues beyond the 65,535-node native chunk [583.75ms]

 53 pass
 0 fail
 521 expect() calls
Ran 53 tests across 3 files. [869.00ms]
