
tests/bun/html-api.test.js:
(pass) T29 HTML API surface shape > the facade installs innerHTML/outerHTML on Element (and innerHTML on DocumentFragment) plus the document structure surface [0.06ms]
(pass) T29 ineligible node kinds > text nodes read innerHTML/outerHTML undefined (happy-dom parity, T48A) [3.28ms]
(pass) document structure accessors (T29) > documentElement / head / body materialize the implied skeleton and keep identity [1.08ms]
(pass) document structure accessors (T29) > a write through body.innerHTML is visible to documentElement.outerHTML [0.54ms]
(pass) document structure accessors (T29) > parseHtml loads a full document and the structure accessors reflect it [0.40ms]
(pass) document structure accessors (T29) > parseHtml of a bare fragment builds the implied skeleton [0.19ms]
(pass) innerHTML getter/setter (T29) > parse → modify → serialize a common fragment [1.50ms]
(pass) innerHTML getter/setter (T29) > setting innerHTML replaces children and detaches the old ones [0.30ms]
(pass) innerHTML getter/setter (T29) > an empty setter clears the children [0.39ms]
(pass) innerHTML getter/setter (T29) > the setter parses in the target's own context (table → tbody) [0.21ms]
(pass) innerHTML getter/setter (T29) > entities and escaped markup round-trip [0.19ms]
(pass) innerHTML getter/setter (T29) > the setter stringifies its value like a DOMString attribute [0.38ms]
(pass) innerHTML getter/setter (T29) > innerHTML on a DocumentFragment replaces its children [0.32ms]
(pass) outerHTML getter/setter (T29) > outerHTML serializes the element itself [0.40ms]
(pass) outerHTML getter/setter (T29) > setting outerHTML on a detached element is a no-op [0.21ms]
(pass) outerHTML getter/setter (T29) > setting outerHTML replaces the element in its parent [0.34ms]
(pass) failure atomicity and errors (T29) > a failed setter leaves the target unchanged [0.22ms]
(pass) failure atomicity and errors (T29) > a destroyed document fails every T29 surface per T21 [0.72ms]

tests/bun/nodelist-live.test.js:
(pass) live childNodes facade module shape (T25D) > child-nodelist.js exports exactly the live collection surface [0.12ms]
(pass) live childNodes facade module shape (T25D) > the seam is flipped to implemented by the T25 gate [0.04ms]
(pass) live childNodes facade module shape (T25D) > NodeList sits one level under Object.prototype with no enumerable surface [0.03ms]
(pass) live NodeList construction restrictions (T25D) > NodeList cannot be constructed from nothing or from a non-node handle [0.12ms]
(pass) live NodeList construction restrictions (T25D) > a DocumentHandle or an object without the node surface is rejected [0.09ms]
(pass) live NodeList prototype surface (T25D) > length is a fixed non-enumerable accessor without a setter [0.04ms]
(pass) live NodeList prototype surface (T25D) > item, forEach, entries, keys, values and the iterator are fixed method descriptors [0.06ms]
(pass) live NodeList prototype surface (T25D) > install defines the surface through the sanctioned ctx helpers only [0.16ms]
(pass) live NodeList behaviour (T25D) > length and iteration reflect append/insert/move/remove/replace immediately [0.70ms]
(pass) live NodeList behaviour (T25D) > indexed access and item() match Core document order and stay stable [0.30ms]
(pass) live NodeList behaviour (T25D) > the iteration surface reflects the live children [0.88ms]
(pass) live NodeList behaviour (T25D) > a leaf parent has an empty live collection [0.08ms]
(pass) live NodeList behaviour (T25D) > one and the same live NodeList is handed back per parent [0.07ms]
(pass) live NodeList behaviour (T25D) > a destroyed document fails every live collection read per T21 [0.24ms]
(pass) live NodeList behaviour (T25D) > a live NodeList keeps its document arena alive and stays collectable [17.08ms]

 33 pass
 0 fail
 193 expect() calls
Ran 33 tests across 2 files. [89.00ms]
