[
  {
    "name": "latest-source-on-supplemental",
    "valid": true,
    "kind": "formal",
    "processes": 40,
    "supplementalSuites": [
      "core",
      "testing",
      "raw",
      "adapter",
      "facade"
    ],
    "repeatedRegressionRows": [
      {
        "suite": "core",
        "size": 2,
        "phase": "getByTag"
      },
      {
        "suite": "core",
        "size": 2,
        "phase": "traverseCold"
      },
      {
        "suite": "core",
        "size": 2,
        "phase": "buildText"
      },
      {
        "suite": "testing",
        "size": 2,
        "phase": "keyedReconcile"
      },
      {
        "suite": "raw",
        "size": 1,
        "phase": "query.small.hot"
      },
      {
        "suite": "raw",
        "size": 1,
        "phase": "child.cold"
      },
      {
        "suite": "raw",
        "size": 0.1,
        "phase": "query.small.hot"
      },
      {
        "suite": "raw",
        "size": 0.1,
        "phase": "innerHTML.ascii"
      },
      {
        "suite": "raw",
        "size": 0.1,
        "phase": "create.1"
      },
      {
        "suite": "raw",
        "size": 0.1,
        "phase": "create.8"
      },
      {
        "suite": "raw",
        "size": 0.1,
        "phase": "create.128"
      },
      {
        "suite": "raw",
        "size": 2,
        "phase": "query.small.cold"
      },
      {
        "suite": "raw",
        "size": 2,
        "phase": "outerHTML.ascii"
      },
      {
        "suite": "raw",
        "size": 2,
        "phase": "create.32"
      },
      {
        "suite": "facade",
        "size": 2,
        "phase": "create.8"
      }
    ]
  },
  {
    "name": "baseline-source-diagnostic",
    "valid": true,
    "kind": "diagnostic"
  },
  {
    "name": "latest-source-on",
    "valid": true,
    "kind": "formal",
    "processes": 40,
    "supplementalSuites": [
      "core",
      "testing",
      "raw",
      "adapter",
      "facade"
    ],
    "repeatedRegressionRows": [
      {
        "suite": "raw",
        "size": 1,
        "phase": "outerHTML.grow-shrink"
      },
      {
        "suite": "raw",
        "size": 1,
        "phase": "create.1"
      },
      {
        "suite": "raw",
        "size": 1,
        "phase": "create.128"
      },
      {
        "suite": "raw",
        "size": 1,
        "phase": "create.256"
      },
      {
        "suite": "raw",
        "size": 0.1,
        "phase": "child.cold"
      },
      {
        "suite": "raw",
        "size": 0.1,
        "phase": "innerHTML.unicode"
      },
      {
        "suite": "raw",
        "size": 0.1,
        "phase": "outerHTML.unicode"
      },
      {
        "suite": "raw",
        "size": 0.1,
        "phase": "outerHTML.grow-shrink"
      },
      {
        "suite": "raw",
        "size": 0.1,
        "phase": "create.1"
      },
      {
        "suite": "adapter",
        "size": 0.1,
        "phase": "query.small.cold"
      },
      {
        "suite": "facade",
        "size": 1,
        "phase": "query.small.cold"
      },
      {
        "suite": "facade",
        "size": 1,
        "phase": "child.grow-shrink"
      },
      {
        "suite": "facade",
        "size": 0.1,
        "phase": "innerHTML.grow-shrink"
      },
      {
        "suite": "facade",
        "size": 0.1,
        "phase": "create.1"
      },
      {
        "suite": "facade",
        "size": 0.1,
        "phase": "create.32"
      },
      {
        "suite": "facade",
        "size": 0.1,
        "phase": "create.128"
      },
      {
        "suite": "facade",
        "size": 0.1,
        "phase": "create.256"
      },
      {
        "suite": "facade",
        "size": 2,
        "phase": "query.small.cold"
      },
      {
        "suite": "facade",
        "size": 2,
        "phase": "create.8"
      },
      {
        "suite": "facade",
        "size": 2,
        "phase": "create.32"
      },
      {
        "suite": "facade",
        "size": 2,
        "phase": "create.128"
      }
    ]
  },
  {
    "name": "baseline-source-on-supplemental",
    "valid": true,
    "kind": "formal",
    "processes": 40,
    "supplementalSuites": [
      "core",
      "testing",
      "raw",
      "adapter",
      "facade"
    ],
    "repeatedRegressionRows": [
      {
        "suite": "adapter",
        "size": 1,
        "phase": "innerHTML.grow-shrink"
      },
      {
        "suite": "facade",
        "size": 1,
        "phase": "create.1"
      },
      {
        "suite": "facade",
        "size": 1,
        "phase": "create.32"
      },
      {
        "suite": "facade",
        "size": 2,
        "phase": "create.1"
      },
      {
        "suite": "facade",
        "size": 2,
        "phase": "create.128"
      },
      {
        "suite": "facade",
        "size": 2,
        "phase": "create.256"
      }
    ]
  },
  {
    "name": "baseline-source-on",
    "valid": true,
    "kind": "formal",
    "processes": 40,
    "supplementalSuites": [
      "core",
      "testing",
      "raw",
      "adapter",
      "facade"
    ],
    "repeatedRegressionRows": [
      {
        "suite": "core",
        "size": 1,
        "phase": "traverseCold"
      },
      {
        "suite": "core",
        "size": 0.1,
        "phase": "queryCold"
      },
      {
        "suite": "raw",
        "size": 1,
        "phase": "outerHTML.grow-shrink"
      },
      {
        "suite": "raw",
        "size": 1,
        "phase": "create.1"
      },
      {
        "suite": "raw",
        "size": 1,
        "phase": "create.8"
      },
      {
        "suite": "raw",
        "size": 1,
        "phase": "create.128"
      },
      {
        "suite": "raw",
        "size": 0.1,
        "phase": "child.cold"
      },
      {
        "suite": "raw",
        "size": 0.1,
        "phase": "innerHTML.grow-shrink"
      },
      {
        "suite": "adapter",
        "size": 2,
        "phase": "query.small.cold"
      }
    ]
  }
]
