[
  {
    "name": "baseline-ffi",
    "valid": true,
    "kind": "formal",
    "processes": 40,
    "supplementalSuites": [
      "core",
      "testing",
      "raw",
      "adapter",
      "facade"
    ],
    "repeatedRegressionRows": [
      {
        "suite": "core",
        "size": 1,
        "phase": "queryHot"
      },
      {
        "suite": "core",
        "size": 1,
        "phase": "serialize"
      },
      {
        "suite": "core",
        "size": 0.1,
        "phase": "serialize"
      },
      {
        "suite": "core",
        "size": 0.1,
        "phase": "readHeavy"
      },
      {
        "suite": "core",
        "size": 2,
        "phase": "serialize"
      },
      {
        "suite": "testing",
        "size": 1,
        "phase": "testingLibraryText"
      },
      {
        "suite": "raw",
        "size": 1,
        "phase": "preorder.cold"
      },
      {
        "suite": "raw",
        "size": 2,
        "phase": "child.cold"
      },
      {
        "suite": "adapter",
        "size": 1,
        "phase": "query.small.cold"
      },
      {
        "suite": "adapter",
        "size": 1,
        "phase": "query.small.hot"
      },
      {
        "suite": "adapter",
        "size": 1,
        "phase": "query.large.cold"
      },
      {
        "suite": "adapter",
        "size": 1,
        "phase": "preorder.grow-shrink"
      },
      {
        "suite": "adapter",
        "size": 1,
        "phase": "innerHTML.grow-shrink"
      },
      {
        "suite": "adapter",
        "size": 1,
        "phase": "outerHTML.grow-shrink"
      },
      {
        "suite": "adapter",
        "size": 1,
        "phase": "create.1"
      },
      {
        "suite": "adapter",
        "size": 1,
        "phase": "create.8"
      },
      {
        "suite": "adapter",
        "size": 1,
        "phase": "create.32"
      },
      {
        "suite": "adapter",
        "size": 1,
        "phase": "create.256"
      },
      {
        "suite": "adapter",
        "size": 0.1,
        "phase": "query.small.cold"
      },
      {
        "suite": "adapter",
        "size": 0.1,
        "phase": "innerHTML.grow-shrink"
      },
      {
        "suite": "adapter",
        "size": 0.1,
        "phase": "outerHTML.grow-shrink"
      },
      {
        "suite": "adapter",
        "size": 0.1,
        "phase": "create.1"
      },
      {
        "suite": "adapter",
        "size": 0.1,
        "phase": "create.8"
      },
      {
        "suite": "adapter",
        "size": 0.1,
        "phase": "create.32"
      },
      {
        "suite": "adapter",
        "size": 2,
        "phase": "create.1"
      },
      {
        "suite": "adapter",
        "size": 2,
        "phase": "create.8"
      },
      {
        "suite": "adapter",
        "size": 2,
        "phase": "create.32"
      },
      {
        "suite": "facade",
        "size": 1,
        "phase": "query.small.hot"
      },
      {
        "suite": "facade",
        "size": 1,
        "phase": "create.8"
      },
      {
        "suite": "facade",
        "size": 2,
        "phase": "innerHTML.grow-shrink"
      },
      {
        "suite": "facade",
        "size": 2,
        "phase": "create.8"
      },
      {
        "suite": "facade",
        "size": 2,
        "phase": "create.256"
      }
    ]
  },
  {
    "name": "latest-source-off-resumed",
    "valid": true,
    "kind": "formal",
    "processes": 40,
    "supplementalSuites": [
      "core",
      "testing",
      "raw",
      "adapter",
      "facade"
    ],
    "repeatedRegressionRows": [
      {
        "suite": "core",
        "size": 1,
        "phase": "traverseCold"
      },
      {
        "suite": "raw",
        "size": 1,
        "phase": "child.grow-shrink"
      },
      {
        "suite": "raw",
        "size": 0.1,
        "phase": "child.cold"
      },
      {
        "suite": "raw",
        "size": 0.1,
        "phase": "innerHTML.grow-shrink"
      },
      {
        "suite": "raw",
        "size": 0.1,
        "phase": "create.32"
      },
      {
        "suite": "adapter",
        "size": 1,
        "phase": "query.large.cold"
      },
      {
        "suite": "adapter",
        "size": 1,
        "phase": "query.large.hot"
      },
      {
        "suite": "adapter",
        "size": 1,
        "phase": "child.cold"
      },
      {
        "suite": "adapter",
        "size": 1,
        "phase": "preorder.cold"
      },
      {
        "suite": "adapter",
        "size": 1,
        "phase": "child.grow-shrink"
      },
      {
        "suite": "adapter",
        "size": 1,
        "phase": "innerHTML.grow-shrink"
      },
      {
        "suite": "adapter",
        "size": 1,
        "phase": "outerHTML.grow-shrink"
      },
      {
        "suite": "adapter",
        "size": 1,
        "phase": "create.1"
      },
      {
        "suite": "adapter",
        "size": 1,
        "phase": "create.8"
      },
      {
        "suite": "adapter",
        "size": 0.1,
        "phase": "preorder.cold"
      },
      {
        "suite": "adapter",
        "size": 0.1,
        "phase": "child.grow-shrink"
      },
      {
        "suite": "adapter",
        "size": 0.1,
        "phase": "preorder.grow-shrink"
      },
      {
        "suite": "adapter",
        "size": 0.1,
        "phase": "innerHTML.ascii"
      },
      {
        "suite": "adapter",
        "size": 0.1,
        "phase": "outerHTML.ascii"
      },
      {
        "suite": "adapter",
        "size": 0.1,
        "phase": "outerHTML.unicode"
      },
      {
        "suite": "adapter",
        "size": 0.1,
        "phase": "create.256"
      },
      {
        "suite": "adapter",
        "size": 2,
        "phase": "query.large.cold"
      },
      {
        "suite": "adapter",
        "size": 2,
        "phase": "query.large.hot"
      },
      {
        "suite": "adapter",
        "size": 2,
        "phase": "innerHTML.ascii"
      },
      {
        "suite": "facade",
        "size": 1,
        "phase": "query.small.cold"
      },
      {
        "suite": "facade",
        "size": 1,
        "phase": "query.large.hot"
      },
      {
        "suite": "facade",
        "size": 0.1,
        "phase": "create.1"
      },
      {
        "suite": "facade",
        "size": 0.1,
        "phase": "create.128"
      },
      {
        "suite": "facade",
        "size": 0.1,
        "phase": "create.256"
      },
      {
        "suite": "facade",
        "size": 2,
        "phase": "query.small.cold"
      },
      {
        "suite": "facade",
        "size": 2,
        "phase": "query.small.hot"
      },
      {
        "suite": "facade",
        "size": 2,
        "phase": "query.large.cold"
      },
      {
        "suite": "facade",
        "size": 2,
        "phase": "query.large.hot"
      },
      {
        "suite": "facade",
        "size": 2,
        "phase": "child.cold"
      }
    ]
  },
  {
    "name": "baseline-source-off-resumed",
    "valid": true,
    "kind": "formal",
    "processes": 40,
    "supplementalSuites": [
      "core",
      "raw",
      "adapter",
      "facade"
    ],
    "repeatedRegressionRows": [
      {
        "suite": "raw",
        "size": 1,
        "phase": "query.large.cold"
      },
      {
        "suite": "raw",
        "size": 1,
        "phase": "query.large.hot"
      },
      {
        "suite": "raw",
        "size": 1,
        "phase": "child.cold"
      },
      {
        "suite": "raw",
        "size": 1,
        "phase": "preorder.grow-shrink"
      },
      {
        "suite": "raw",
        "size": 1,
        "phase": "create.1"
      },
      {
        "suite": "raw",
        "size": 0.1,
        "phase": "query.small.cold"
      },
      {
        "suite": "raw",
        "size": 0.1,
        "phase": "innerHTML.unicode"
      },
      {
        "suite": "raw",
        "size": 0.1,
        "phase": "outerHTML.ascii"
      },
      {
        "suite": "raw",
        "size": 0.1,
        "phase": "create.8"
      },
      {
        "suite": "raw",
        "size": 0.1,
        "phase": "create.256"
      },
      {
        "suite": "raw",
        "size": 2,
        "phase": "query.small.hot"
      },
      {
        "suite": "adapter",
        "size": 1,
        "phase": "child.grow-shrink"
      },
      {
        "suite": "adapter",
        "size": 1,
        "phase": "create.1"
      },
      {
        "suite": "adapter",
        "size": 1,
        "phase": "create.32"
      },
      {
        "suite": "adapter",
        "size": 0.1,
        "phase": "query.small.hot"
      },
      {
        "suite": "adapter",
        "size": 0.1,
        "phase": "query.large.cold"
      },
      {
        "suite": "adapter",
        "size": 0.1,
        "phase": "preorder.cold"
      },
      {
        "suite": "adapter",
        "size": 0.1,
        "phase": "innerHTML.ascii"
      },
      {
        "suite": "adapter",
        "size": 0.1,
        "phase": "outerHTML.grow-shrink"
      },
      {
        "suite": "adapter",
        "size": 0.1,
        "phase": "create.32"
      },
      {
        "suite": "adapter",
        "size": 2,
        "phase": "query.small.cold"
      },
      {
        "suite": "adapter",
        "size": 2,
        "phase": "innerHTML.unicode"
      },
      {
        "suite": "adapter",
        "size": 2,
        "phase": "outerHTML.ascii"
      },
      {
        "suite": "adapter",
        "size": 2,
        "phase": "outerHTML.unicode"
      },
      {
        "suite": "facade",
        "size": 1,
        "phase": "query.small.hot"
      },
      {
        "suite": "facade",
        "size": 1,
        "phase": "query.large.cold"
      },
      {
        "suite": "facade",
        "size": 1,
        "phase": "query.large.hot"
      },
      {
        "suite": "facade",
        "size": 1,
        "phase": "innerHTML.unicode"
      },
      {
        "suite": "facade",
        "size": 1,
        "phase": "innerHTML.grow-shrink"
      },
      {
        "suite": "facade",
        "size": 1,
        "phase": "create.8"
      },
      {
        "suite": "facade",
        "size": 1,
        "phase": "create.32"
      },
      {
        "suite": "facade",
        "size": 0.1,
        "phase": "child.cold"
      },
      {
        "suite": "facade",
        "size": 0.1,
        "phase": "create.256"
      },
      {
        "suite": "facade",
        "size": 2,
        "phase": "query.small.cold"
      },
      {
        "suite": "facade",
        "size": 2,
        "phase": "query.small.hot"
      },
      {
        "suite": "facade",
        "size": 2,
        "phase": "query.large.cold"
      }
    ]
  },
  {
    "name": "latest-ffi-resumed-supplemental",
    "valid": true,
    "kind": "formal",
    "processes": 32,
    "supplementalSuites": [
      "core",
      "raw",
      "adapter",
      "facade"
    ],
    "repeatedRegressionRows": [
      {
        "suite": "core",
        "size": 1,
        "phase": "buildMixed"
      },
      {
        "suite": "core",
        "size": 1,
        "phase": "getById"
      },
      {
        "suite": "core",
        "size": 1,
        "phase": "getByTag"
      },
      {
        "suite": "core",
        "size": 1,
        "phase": "serialize"
      },
      {
        "suite": "core",
        "size": 1,
        "phase": "traverseCold"
      },
      {
        "suite": "core",
        "size": 1,
        "phase": "buildCreate"
      },
      {
        "suite": "core",
        "size": 1,
        "phase": "buildAttr"
      },
      {
        "suite": "core",
        "size": 1,
        "phase": "buildAppend"
      },
      {
        "suite": "core",
        "size": 1,
        "phase": "buildText"
      },
      {
        "suite": "core",
        "size": 1,
        "phase": "readHeavy"
      },
      {
        "suite": "core",
        "size": 1,
        "phase": "mutationChurn"
      },
      {
        "suite": "core",
        "size": 1,
        "phase": "operations"
      },
      {
        "suite": "core",
        "size": 0.1,
        "phase": "getById"
      },
      {
        "suite": "core",
        "size": 0.1,
        "phase": "getByTag"
      },
      {
        "suite": "core",
        "size": 2,
        "phase": "serialize"
      },
      {
        "suite": "raw",
        "size": 0.1,
        "phase": "innerHTML.ascii"
      },
      {
        "suite": "adapter",
        "size": 1,
        "phase": "query.small.cold"
      },
      {
        "suite": "adapter",
        "size": 1,
        "phase": "query.large.hot"
      },
      {
        "suite": "adapter",
        "size": 1,
        "phase": "preorder.cold"
      },
      {
        "suite": "adapter",
        "size": 1,
        "phase": "preorder.grow-shrink"
      },
      {
        "suite": "adapter",
        "size": 1,
        "phase": "innerHTML.ascii"
      },
      {
        "suite": "adapter",
        "size": 1,
        "phase": "innerHTML.unicode"
      },
      {
        "suite": "adapter",
        "size": 1,
        "phase": "outerHTML.ascii"
      },
      {
        "suite": "adapter",
        "size": 1,
        "phase": "outerHTML.unicode"
      },
      {
        "suite": "adapter",
        "size": 1,
        "phase": "innerHTML.grow-shrink"
      },
      {
        "suite": "adapter",
        "size": 1,
        "phase": "create.1"
      },
      {
        "suite": "adapter",
        "size": 1,
        "phase": "create.8"
      },
      {
        "suite": "adapter",
        "size": 0.1,
        "phase": "query.small.cold"
      },
      {
        "suite": "adapter",
        "size": 0.1,
        "phase": "query.small.hot"
      },
      {
        "suite": "adapter",
        "size": 0.1,
        "phase": "innerHTML.ascii"
      },
      {
        "suite": "adapter",
        "size": 0.1,
        "phase": "innerHTML.grow-shrink"
      },
      {
        "suite": "adapter",
        "size": 0.1,
        "phase": "create.1"
      },
      {
        "suite": "adapter",
        "size": 0.1,
        "phase": "create.8"
      },
      {
        "suite": "adapter",
        "size": 0.1,
        "phase": "create.32"
      },
      {
        "suite": "adapter",
        "size": 0.1,
        "phase": "create.128"
      },
      {
        "suite": "adapter",
        "size": 2,
        "phase": "create.1"
      },
      {
        "suite": "adapter",
        "size": 2,
        "phase": "create.8"
      },
      {
        "suite": "facade",
        "size": 1,
        "phase": "preorder.cold"
      },
      {
        "suite": "facade",
        "size": 1,
        "phase": "preorder.grow-shrink"
      },
      {
        "suite": "facade",
        "size": 1,
        "phase": "innerHTML.ascii"
      },
      {
        "suite": "facade",
        "size": 1,
        "phase": "outerHTML.ascii"
      },
      {
        "suite": "facade",
        "size": 1,
        "phase": "innerHTML.grow-shrink"
      },
      {
        "suite": "facade",
        "size": 1,
        "phase": "outerHTML.grow-shrink"
      },
      {
        "suite": "facade",
        "size": 1,
        "phase": "create.8"
      },
      {
        "suite": "facade",
        "size": 1,
        "phase": "create.32"
      },
      {
        "suite": "facade",
        "size": 0.1,
        "phase": "outerHTML.ascii"
      },
      {
        "suite": "facade",
        "size": 0.1,
        "phase": "innerHTML.grow-shrink"
      },
      {
        "suite": "facade",
        "size": 0.1,
        "phase": "outerHTML.grow-shrink"
      },
      {
        "suite": "facade",
        "size": 2,
        "phase": "outerHTML.grow-shrink"
      }
    ]
  },
  {
    "name": "latest-source-on-supplemental",
    "valid": true,
    "kind": "formal",
    "processes": 40,
    "supplementalSuites": [
      "core",
      "testing",
      "raw",
      "adapter",
      "facade"
    ],
    "repeatedRegressionRows": [
      {
        "suite": "core",
        "size": 2,
        "phase": "getByTag"
      },
      {
        "suite": "core",
        "size": 2,
        "phase": "traverseCold"
      },
      {
        "suite": "core",
        "size": 2,
        "phase": "buildText"
      },
      {
        "suite": "testing",
        "size": 2,
        "phase": "keyedReconcile"
      },
      {
        "suite": "raw",
        "size": 1,
        "phase": "query.small.hot"
      },
      {
        "suite": "raw",
        "size": 1,
        "phase": "child.cold"
      },
      {
        "suite": "raw",
        "size": 0.1,
        "phase": "query.small.hot"
      },
      {
        "suite": "raw",
        "size": 0.1,
        "phase": "innerHTML.ascii"
      },
      {
        "suite": "raw",
        "size": 0.1,
        "phase": "create.1"
      },
      {
        "suite": "raw",
        "size": 0.1,
        "phase": "create.8"
      },
      {
        "suite": "raw",
        "size": 0.1,
        "phase": "create.128"
      },
      {
        "suite": "raw",
        "size": 2,
        "phase": "query.small.cold"
      },
      {
        "suite": "raw",
        "size": 2,
        "phase": "outerHTML.ascii"
      },
      {
        "suite": "raw",
        "size": 2,
        "phase": "create.32"
      },
      {
        "suite": "facade",
        "size": 2,
        "phase": "create.8"
      }
    ]
  },
  {
    "name": "latest-ffi-resumed",
    "valid": true,
    "kind": "formal",
    "processes": 40,
    "supplementalSuites": [
      "core",
      "raw",
      "adapter",
      "facade"
    ],
    "repeatedRegressionRows": [
      {
        "suite": "core",
        "size": 1,
        "phase": "serialize"
      },
      {
        "suite": "core",
        "size": 1,
        "phase": "traverseWarm"
      },
      {
        "suite": "core",
        "size": 1,
        "phase": "traverseCold"
      },
      {
        "suite": "core",
        "size": 1,
        "phase": "buildCreate"
      },
      {
        "suite": "core",
        "size": 0.1,
        "phase": "buildCreate"
      },
      {
        "suite": "core",
        "size": 0.1,
        "phase": "readHeavy"
      },
      {
        "suite": "core",
        "size": 2,
        "phase": "serialize"
      },
      {
        "suite": "raw",
        "size": 1,
        "phase": "child.cold"
      },
      {
        "suite": "raw",
        "size": 0.1,
        "phase": "query.large.hot"
      },
      {
        "suite": "raw",
        "size": 0.1,
        "phase": "preorder.cold"
      },
      {
        "suite": "raw",
        "size": 0.1,
        "phase": "innerHTML.grow-shrink"
      },
      {
        "suite": "raw",
        "size": 0.1,
        "phase": "outerHTML.grow-shrink"
      },
      {
        "suite": "raw",
        "size": 0.1,
        "phase": "create.1"
      },
      {
        "suite": "raw",
        "size": 0.1,
        "phase": "create.8"
      },
      {
        "suite": "raw",
        "size": 2,
        "phase": "create.128"
      },
      {
        "suite": "adapter",
        "size": 1,
        "phase": "query.small.cold"
      },
      {
        "suite": "adapter",
        "size": 1,
        "phase": "query.small.hot"
      },
      {
        "suite": "adapter",
        "size": 1,
        "phase": "outerHTML.ascii"
      },
      {
        "suite": "adapter",
        "size": 1,
        "phase": "innerHTML.grow-shrink"
      },
      {
        "suite": "adapter",
        "size": 1,
        "phase": "outerHTML.grow-shrink"
      },
      {
        "suite": "adapter",
        "size": 1,
        "phase": "create.1"
      },
      {
        "suite": "adapter",
        "size": 1,
        "phase": "create.8"
      },
      {
        "suite": "adapter",
        "size": 1,
        "phase": "create.32"
      },
      {
        "suite": "adapter",
        "size": 1,
        "phase": "create.256"
      },
      {
        "suite": "adapter",
        "size": 0.1,
        "phase": "query.small.cold"
      },
      {
        "suite": "adapter",
        "size": 0.1,
        "phase": "query.small.hot"
      },
      {
        "suite": "adapter",
        "size": 0.1,
        "phase": "innerHTML.grow-shrink"
      },
      {
        "suite": "adapter",
        "size": 0.1,
        "phase": "outerHTML.grow-shrink"
      },
      {
        "suite": "adapter",
        "size": 0.1,
        "phase": "create.1"
      },
      {
        "suite": "adapter",
        "size": 0.1,
        "phase": "create.8"
      },
      {
        "suite": "adapter",
        "size": 0.1,
        "phase": "create.128"
      },
      {
        "suite": "adapter",
        "size": 2,
        "phase": "innerHTML.unicode"
      },
      {
        "suite": "adapter",
        "size": 2,
        "phase": "outerHTML.ascii"
      },
      {
        "suite": "adapter",
        "size": 2,
        "phase": "innerHTML.grow-shrink"
      },
      {
        "suite": "adapter",
        "size": 2,
        "phase": "outerHTML.grow-shrink"
      },
      {
        "suite": "adapter",
        "size": 2,
        "phase": "create.1"
      },
      {
        "suite": "adapter",
        "size": 2,
        "phase": "create.8"
      },
      {
        "suite": "adapter",
        "size": 2,
        "phase": "create.32"
      },
      {
        "suite": "adapter",
        "size": 2,
        "phase": "create.128"
      },
      {
        "suite": "adapter",
        "size": 2,
        "phase": "create.256"
      },
      {
        "suite": "facade",
        "size": 1,
        "phase": "outerHTML.grow-shrink"
      },
      {
        "suite": "facade",
        "size": 0.1,
        "phase": "innerHTML.ascii"
      },
      {
        "suite": "facade",
        "size": 0.1,
        "phase": "innerHTML.unicode"
      },
      {
        "suite": "facade",
        "size": 0.1,
        "phase": "outerHTML.ascii"
      },
      {
        "suite": "facade",
        "size": 0.1,
        "phase": "innerHTML.grow-shrink"
      },
      {
        "suite": "facade",
        "size": 0.1,
        "phase": "outerHTML.grow-shrink"
      },
      {
        "suite": "facade",
        "size": 0.1,
        "phase": "create.8"
      },
      {
        "suite": "facade",
        "size": 0.1,
        "phase": "create.32"
      },
      {
        "suite": "facade",
        "size": 0.1,
        "phase": "create.256"
      },
      {
        "suite": "facade",
        "size": 2,
        "phase": "outerHTML.ascii"
      },
      {
        "suite": "facade",
        "size": 2,
        "phase": "innerHTML.grow-shrink"
      }
    ]
  },
  {
    "name": "baseline-ffi-supplemental",
    "valid": true,
    "kind": "formal",
    "processes": 40,
    "supplementalSuites": [
      "core",
      "testing",
      "raw",
      "adapter",
      "facade"
    ],
    "repeatedRegressionRows": [
      {
        "suite": "core",
        "size": 1,
        "phase": "serialize"
      },
      {
        "suite": "core",
        "size": 0.1,
        "phase": "serialize"
      },
      {
        "suite": "core",
        "size": 2,
        "phase": "serialize"
      },
      {
        "suite": "testing",
        "size": 1,
        "phase": "testingLibraryText"
      },
      {
        "suite": "testing",
        "size": 0.1,
        "phase": "todoInteractions"
      },
      {
        "suite": "raw",
        "size": 2,
        "phase": "preorder.grow-shrink"
      },
      {
        "suite": "raw",
        "size": 2,
        "phase": "innerHTML.ascii"
      },
      {
        "suite": "raw",
        "size": 2,
        "phase": "outerHTML.ascii"
      },
      {
        "suite": "adapter",
        "size": 1,
        "phase": "innerHTML.grow-shrink"
      },
      {
        "suite": "adapter",
        "size": 1,
        "phase": "create.1"
      },
      {
        "suite": "adapter",
        "size": 1,
        "phase": "create.8"
      },
      {
        "suite": "adapter",
        "size": 0.1,
        "phase": "query.small.hot"
      },
      {
        "suite": "adapter",
        "size": 0.1,
        "phase": "innerHTML.grow-shrink"
      },
      {
        "suite": "adapter",
        "size": 0.1,
        "phase": "create.1"
      },
      {
        "suite": "adapter",
        "size": 0.1,
        "phase": "create.8"
      },
      {
        "suite": "adapter",
        "size": 0.1,
        "phase": "create.32"
      },
      {
        "suite": "adapter",
        "size": 2,
        "phase": "create.1"
      },
      {
        "suite": "adapter",
        "size": 2,
        "phase": "create.128"
      },
      {
        "suite": "facade",
        "size": 1,
        "phase": "preorder.cold"
      },
      {
        "suite": "facade",
        "size": 1,
        "phase": "preorder.grow-shrink"
      },
      {
        "suite": "facade",
        "size": 1,
        "phase": "innerHTML.ascii"
      },
      {
        "suite": "facade",
        "size": 1,
        "phase": "outerHTML.ascii"
      },
      {
        "suite": "facade",
        "size": 1,
        "phase": "innerHTML.grow-shrink"
      },
      {
        "suite": "facade",
        "size": 1,
        "phase": "outerHTML.grow-shrink"
      },
      {
        "suite": "facade",
        "size": 1,
        "phase": "create.8"
      },
      {
        "suite": "facade",
        "size": 0.1,
        "phase": "query.small.hot"
      },
      {
        "suite": "facade",
        "size": 0.1,
        "phase": "query.large.cold"
      },
      {
        "suite": "facade",
        "size": 0.1,
        "phase": "query.large.hot"
      },
      {
        "suite": "facade",
        "size": 0.1,
        "phase": "innerHTML.grow-shrink"
      },
      {
        "suite": "facade",
        "size": 0.1,
        "phase": "outerHTML.grow-shrink"
      },
      {
        "suite": "facade",
        "size": 0.1,
        "phase": "create.8"
      }
    ]
  },
  {
    "name": "baseline-source-diagnostic",
    "valid": true,
    "kind": "diagnostic"
  },
  {
    "name": "latest-source-on",
    "valid": true,
    "kind": "formal",
    "processes": 40,
    "supplementalSuites": [
      "core",
      "testing",
      "raw",
      "adapter",
      "facade"
    ],
    "repeatedRegressionRows": [
      {
        "suite": "raw",
        "size": 1,
        "phase": "outerHTML.grow-shrink"
      },
      {
        "suite": "raw",
        "size": 1,
        "phase": "create.1"
      },
      {
        "suite": "raw",
        "size": 1,
        "phase": "create.128"
      },
      {
        "suite": "raw",
        "size": 1,
        "phase": "create.256"
      },
      {
        "suite": "raw",
        "size": 0.1,
        "phase": "child.cold"
      },
      {
        "suite": "raw",
        "size": 0.1,
        "phase": "innerHTML.unicode"
      },
      {
        "suite": "raw",
        "size": 0.1,
        "phase": "outerHTML.unicode"
      },
      {
        "suite": "raw",
        "size": 0.1,
        "phase": "outerHTML.grow-shrink"
      },
      {
        "suite": "raw",
        "size": 0.1,
        "phase": "create.1"
      },
      {
        "suite": "adapter",
        "size": 0.1,
        "phase": "query.small.cold"
      },
      {
        "suite": "facade",
        "size": 1,
        "phase": "query.small.cold"
      },
      {
        "suite": "facade",
        "size": 1,
        "phase": "child.grow-shrink"
      },
      {
        "suite": "facade",
        "size": 0.1,
        "phase": "innerHTML.grow-shrink"
      },
      {
        "suite": "facade",
        "size": 0.1,
        "phase": "create.1"
      },
      {
        "suite": "facade",
        "size": 0.1,
        "phase": "create.32"
      },
      {
        "suite": "facade",
        "size": 0.1,
        "phase": "create.128"
      },
      {
        "suite": "facade",
        "size": 0.1,
        "phase": "create.256"
      },
      {
        "suite": "facade",
        "size": 2,
        "phase": "query.small.cold"
      },
      {
        "suite": "facade",
        "size": 2,
        "phase": "create.8"
      },
      {
        "suite": "facade",
        "size": 2,
        "phase": "create.32"
      },
      {
        "suite": "facade",
        "size": 2,
        "phase": "create.128"
      }
    ]
  },
  {
    "name": "baseline-source-on-supplemental",
    "valid": true,
    "kind": "formal",
    "processes": 40,
    "supplementalSuites": [
      "core",
      "testing",
      "raw",
      "adapter",
      "facade"
    ],
    "repeatedRegressionRows": [
      {
        "suite": "adapter",
        "size": 1,
        "phase": "innerHTML.grow-shrink"
      },
      {
        "suite": "facade",
        "size": 1,
        "phase": "create.1"
      },
      {
        "suite": "facade",
        "size": 1,
        "phase": "create.32"
      },
      {
        "suite": "facade",
        "size": 2,
        "phase": "create.1"
      },
      {
        "suite": "facade",
        "size": 2,
        "phase": "create.128"
      },
      {
        "suite": "facade",
        "size": 2,
        "phase": "create.256"
      }
    ]
  },
  {
    "name": "latest-source-off-resumed-supplemental",
    "valid": true,
    "kind": "formal",
    "processes": 40,
    "supplementalSuites": [
      "core",
      "testing",
      "raw",
      "adapter",
      "facade"
    ],
    "repeatedRegressionRows": [
      {
        "suite": "core",
        "size": 2,
        "phase": "queryHot"
      },
      {
        "suite": "raw",
        "size": 1,
        "phase": "query.small.cold"
      },
      {
        "suite": "raw",
        "size": 1,
        "phase": "query.small.hot"
      },
      {
        "suite": "raw",
        "size": 1,
        "phase": "query.large.cold"
      },
      {
        "suite": "raw",
        "size": 1,
        "phase": "query.large.hot"
      },
      {
        "suite": "raw",
        "size": 1,
        "phase": "child.cold"
      },
      {
        "suite": "raw",
        "size": 1,
        "phase": "preorder.cold"
      },
      {
        "suite": "raw",
        "size": 1,
        "phase": "preorder.grow-shrink"
      },
      {
        "suite": "raw",
        "size": 1,
        "phase": "outerHTML.ascii"
      },
      {
        "suite": "raw",
        "size": 1,
        "phase": "innerHTML.grow-shrink"
      },
      {
        "suite": "raw",
        "size": 1,
        "phase": "create.8"
      },
      {
        "suite": "raw",
        "size": 0.1,
        "phase": "create.32"
      },
      {
        "suite": "adapter",
        "size": 1,
        "phase": "query.small.hot"
      },
      {
        "suite": "adapter",
        "size": 1,
        "phase": "query.large.cold"
      },
      {
        "suite": "adapter",
        "size": 1,
        "phase": "query.large.hot"
      },
      {
        "suite": "adapter",
        "size": 1,
        "phase": "child.cold"
      },
      {
        "suite": "adapter",
        "size": 1,
        "phase": "child.grow-shrink"
      },
      {
        "suite": "adapter",
        "size": 0.1,
        "phase": "query.large.cold"
      },
      {
        "suite": "adapter",
        "size": 0.1,
        "phase": "child.grow-shrink"
      },
      {
        "suite": "adapter",
        "size": 0.1,
        "phase": "preorder.grow-shrink"
      },
      {
        "suite": "adapter",
        "size": 0.1,
        "phase": "outerHTML.unicode"
      },
      {
        "suite": "adapter",
        "size": 0.1,
        "phase": "create.1"
      },
      {
        "suite": "adapter",
        "size": 0.1,
        "phase": "create.8"
      },
      {
        "suite": "adapter",
        "size": 0.1,
        "phase": "create.32"
      },
      {
        "suite": "adapter",
        "size": 0.1,
        "phase": "create.256"
      },
      {
        "suite": "facade",
        "size": 0.1,
        "phase": "innerHTML.grow-shrink"
      },
      {
        "suite": "facade",
        "size": 0.1,
        "phase": "create.8"
      },
      {
        "suite": "facade",
        "size": 0.1,
        "phase": "create.32"
      },
      {
        "suite": "facade",
        "size": 2,
        "phase": "query.small.cold"
      },
      {
        "suite": "facade",
        "size": 2,
        "phase": "outerHTML.grow-shrink"
      }
    ]
  },
  {
    "name": "baseline-source-on",
    "valid": true,
    "kind": "formal",
    "processes": 40,
    "supplementalSuites": [
      "core",
      "testing",
      "raw",
      "adapter",
      "facade"
    ],
    "repeatedRegressionRows": [
      {
        "suite": "core",
        "size": 1,
        "phase": "traverseCold"
      },
      {
        "suite": "core",
        "size": 0.1,
        "phase": "queryCold"
      },
      {
        "suite": "raw",
        "size": 1,
        "phase": "outerHTML.grow-shrink"
      },
      {
        "suite": "raw",
        "size": 1,
        "phase": "create.1"
      },
      {
        "suite": "raw",
        "size": 1,
        "phase": "create.8"
      },
      {
        "suite": "raw",
        "size": 1,
        "phase": "create.128"
      },
      {
        "suite": "raw",
        "size": 0.1,
        "phase": "child.cold"
      },
      {
        "suite": "raw",
        "size": 0.1,
        "phase": "innerHTML.grow-shrink"
      },
      {
        "suite": "adapter",
        "size": 2,
        "phase": "query.small.cold"
      }
    ]
  },
  {
    "name": "baseline-source-off-resumed-supplemental",
    "valid": true,
    "kind": "formal",
    "processes": 32,
    "supplementalSuites": [
      "core",
      "raw",
      "adapter",
      "facade"
    ],
    "repeatedRegressionRows": [
      {
        "suite": "core",
        "size": 0.1,
        "phase": "serialize"
      },
      {
        "suite": "core",
        "size": 2,
        "phase": "traverseWarm"
      },
      {
        "suite": "raw",
        "size": 1,
        "phase": "query.small.cold"
      },
      {
        "suite": "raw",
        "size": 1,
        "phase": "query.small.hot"
      },
      {
        "suite": "raw",
        "size": 1,
        "phase": "child.grow-shrink"
      },
      {
        "suite": "raw",
        "size": 1,
        "phase": "innerHTML.ascii"
      },
      {
        "suite": "raw",
        "size": 1,
        "phase": "innerHTML.unicode"
      },
      {
        "suite": "raw",
        "size": 1,
        "phase": "outerHTML.ascii"
      },
      {
        "suite": "raw",
        "size": 1,
        "phase": "innerHTML.grow-shrink"
      },
      {
        "suite": "raw",
        "size": 1,
        "phase": "outerHTML.grow-shrink"
      },
      {
        "suite": "raw",
        "size": 1,
        "phase": "create.1"
      },
      {
        "suite": "raw",
        "size": 1,
        "phase": "create.8"
      },
      {
        "suite": "raw",
        "size": 1,
        "phase": "create.32"
      },
      {
        "suite": "raw",
        "size": 1,
        "phase": "create.256"
      },
      {
        "suite": "raw",
        "size": 0.1,
        "phase": "query.small.cold"
      },
      {
        "suite": "raw",
        "size": 0.1,
        "phase": "query.large.cold"
      },
      {
        "suite": "raw",
        "size": 0.1,
        "phase": "query.large.hot"
      },
      {
        "suite": "raw",
        "size": 2,
        "phase": "child.cold"
      },
      {
        "suite": "raw",
        "size": 2,
        "phase": "innerHTML.unicode"
      },
      {
        "suite": "raw",
        "size": 2,
        "phase": "create.8"
      },
      {
        "suite": "adapter",
        "size": 1,
        "phase": "query.small.cold"
      },
      {
        "suite": "adapter",
        "size": 1,
        "phase": "query.small.hot"
      },
      {
        "suite": "adapter",
        "size": 1,
        "phase": "query.large.cold"
      },
      {
        "suite": "adapter",
        "size": 1,
        "phase": "query.large.hot"
      },
      {
        "suite": "adapter",
        "size": 1,
        "phase": "child.cold"
      },
      {
        "suite": "adapter",
        "size": 1,
        "phase": "child.grow-shrink"
      },
      {
        "suite": "facade",
        "size": 2,
        "phase": "child.cold"
      },
      {
        "suite": "facade",
        "size": 2,
        "phase": "child.grow-shrink"
      },
      {
        "suite": "facade",
        "size": 2,
        "phase": "outerHTML.grow-shrink"
      },
      {
        "suite": "facade",
        "size": 2,
        "phase": "create.1"
      },
      {
        "suite": "facade",
        "size": 2,
        "phase": "create.256"
      }
    ]
  }
]
