$ bash crates/mad-dom-bun/build.sh
warning: unused variable: `root`
   --> crates/mad-dom-core/src/dom/cross_document.rs:354:30
    |
354 |     fn verify_subtree(&self, root: NodeId) {
    |                              ^^^^ help: if this is intentional, prefix it with an underscore: `_root`
    |
    = note: `#[warn(unused_variables)]` (part of `#[warn(unused)]`) on by default

warning: unused variable: `node`
   --> crates/mad-dom-core/src/dom/cross_document.rs:366:32
    |
366 |     fn verify_tree_root(&self, node: NodeId) {
    |                                ^^^^ help: if this is intentional, prefix it with an underscore: `_node`

warning: unused variable: `node`
   --> crates/mad-dom-core/src/dom/mutation.rs:781:44
    |
781 |     pub(crate) fn verify_invariants(&self, node: NodeId) {
    |                                            ^^^^ help: if this is intentional, prefix it with an underscore: `_node`

warning: unused variable: `node`
   --> crates/mad-dom-core/src/dom/mutation.rs:808:42
    |
808 |     pub(crate) fn verify_detached(&self, node: NodeId) {
    |                                          ^^^^ help: if this is intentional, prefix it with an underscore: `_node`

warning: unused variable: `node`
   --> crates/mad-dom-core/src/html/apply.rs:285:28
    |
285 |     fn verify_apply(&self, node: NodeId) {
    |                            ^^^^ help: if this is intentional, prefix it with an underscore: `_node`

warning: `mad-dom-core` (lib) generated 5 warnings (run `cargo fix --lib -p mad-dom-core` to apply 5 suggestions)
   Compiling mad-dom-bun v0.0.1-alpha.0 (/home/ubuntu/.herdr/worktrees/mad-dom/herdr-plan-bun-native-performance-02-native-snapshot-packing/crates/mad-dom-bun)
    Finished `release` profile [optimized] target(s) in 6.62s
