   Compiling siphasher v1.0.3
    Checking cfg-if v1.0.4
    Checking smallvec v1.15.2
    Checking scopeguard v1.2.0
    Checking libc v0.2.189
    Checking new_debug_unreachable v1.0.6
    Checking precomputed-hash v0.1.1
    Checking dtoa v1.0.11
    Checking lock_api v0.4.14
    Checking log v0.4.34
    Checking tendril v0.5.1
    Checking dtoa-short v0.3.5
    Checking phf_shared v0.13.1
    Checking itoa v1.0.18
    Checking bitflags v2.13.1
    Checking rustc-hash v2.1.3
    Checking stable_deref_trait v1.2.1
    Checking derive_more v2.1.1
    Checking futures-sink v0.3.34
    Checking futures-core v0.3.34
    Checking servo_arc v0.4.3
   Compiling phf_generator v0.13.1
    Checking memchr v2.8.3
    Checking pin-project-lite v0.2.17
    Checking slab v0.4.12
    Checking futures-io v0.3.34
    Checking futures-channel v0.3.34
    Checking futures-task v0.3.34
    Checking libloading v0.9.0
    Checking nohash-hasher v0.2.0
   Compiling phf_codegen v0.13.1
   Compiling string_cache_codegen v0.6.1
    Checking ctor v1.0.13
   Compiling phf_macros v0.13.1
    Checking napi-sys v3.3.0
   Compiling selectors v0.40.0
   Compiling napi-derive v3.6.3
    Checking futures-util v0.3.34
   Compiling web_atoms v0.2.6
    Checking parking_lot_core v0.9.12
    Checking phf v0.13.1
    Checking cssparser v0.37.0
    Checking parking_lot v0.12.5
    Checking string_cache v0.9.0
    Checking markup5ever v0.39.0
    Checking html5ever v0.39.0
    Checking futures-executor v0.3.34
    Checking futures v0.3.34
    Checking napi v3.12.2
    Checking mad-dom-core v0.0.1-alpha.0 (/home/ubuntu/.herdr/worktrees/mad-dom/herdr-plan-bun-native-performance-02-native-snapshot-packing/crates/mad-dom-core)
    Checking mad-dom-bun v0.0.1-alpha.0 (/home/ubuntu/.herdr/worktrees/mad-dom/herdr-plan-bun-native-performance-02-native-snapshot-packing/crates/mad-dom-bun)
    Finished `dev` profile [unoptimized + debuginfo] target(s) in 8.48s
