{
  "file": "static-verification-2026-09-08T13-54-03-802Z.json",
  "frozenTrackedFiles": 1498,
  "ffiSymbols": {
    "candidate": [
      "mad_dom_ffi_abi_version",
      "mad_dom_ffi_capabilities",
      "mad_dom_ffi_child_tokens",
      "mad_dom_ffi_create_elements",
      "mad_dom_ffi_preorder_snapshot",
      "mad_dom_ffi_query_snapshot",
      "mad_dom_ffi_read_batch",
      "mad_dom_ffi_serialize"
    ],
    "reference": [
      "mad_dom_ffi_abi_version",
      "mad_dom_ffi_capabilities",
      "mad_dom_ffi_child_tokens",
      "mad_dom_ffi_create_elements",
      "mad_dom_ffi_preorder_snapshot",
      "mad_dom_ffi_query_snapshot",
      "mad_dom_ffi_read_batch",
      "mad_dom_ffi_serialize"
    ]
  },
  "changedProduction": [
    "crates/mad-dom-bun/src/ffi/ABI.md",
    "crates/mad-dom-bun/src/ffi/buffer.rs",
    "crates/mad-dom-bun/src/ffi/mod.rs",
    "crates/mad-dom-bun/src/ffi/tests.rs",
    "crates/mad-dom-bun/src/handle.rs"
  ],
  "candidateImage": {
    "path": "/home/ubuntu/.herdr/worktrees/mad-dom/herdr-plan-bun-native-performance-02-native-snapshot-packing/build/mad-dom.node",
    "sha256": "6b7e7398119fe255a3aead79cf81d6e68da40923359dc2c8b2595c9663331903",
    "bytes": 3869072,
    "dev": 64784,
    "inode": 2113625
  },
  "referenceImage": {
    "path": "/home/ubuntu/.herdr/worktrees/mad-dom/bun-native-performance-reference-efaa64b/build/mad-dom.node",
    "sha256": "2d1f85d40ea55e79d2564004716cd9b68c48cde31baea3b9335d63a7c102fa96",
    "bytes": 3866672,
    "dev": 64784,
    "inode": 2104807
  }
}
