001-core-1-A: core, FFI on, 1.4.0 (formal)
002-core-2-B: core, FFI on, 1.4.0 (formal)
003-core-3-B: core, FFI on, 1.4.0 (formal)
004-core-4-A: core, FFI on, 1.4.0 (formal)
005-core-5-A: core, FFI on, 1.4.0 (formal)
006-core-6-B: core, FFI on, 1.4.0 (formal)
007-core-7-B: core, FFI on, 1.4.0 (formal)
008-core-8-A: core, FFI on, 1.4.0 (formal)
009-testing-1-A: testing, FFI on, 1.4.0 (formal)
010-testing-2-B: testing, FFI on, 1.4.0 (formal)
011-testing-3-B: testing, FFI on, 1.4.0 (formal)
012-testing-4-A: testing, FFI on, 1.4.0 (formal)
013-testing-5-A: testing, FFI on, 1.4.0 (formal)
014-testing-6-B: testing, FFI on, 1.4.0 (formal)
015-testing-7-B: testing, FFI on, 1.4.0 (formal)
016-testing-8-A: testing, FFI on, 1.4.0 (formal)
audit-A-raw: independent path audit, FFI on
audit-B-raw: independent path audit, FFI on
017-raw-1-A: raw, FFI on, 1.4.0 (formal)
018-raw-2-B: raw, FFI on, 1.4.0 (formal)
019-raw-3-B: raw, FFI on, 1.4.0 (formal)
020-raw-4-A: raw, FFI on, 1.4.0 (formal)
021-raw-5-A: raw, FFI on, 1.4.0 (formal)
022-raw-6-B: raw, FFI on, 1.4.0 (formal)
023-raw-7-B: raw, FFI on, 1.4.0 (formal)
024-raw-8-A: raw, FFI on, 1.4.0 (formal)
audit-A-adapter: independent path audit, FFI on
audit-B-adapter: independent path audit, FFI on
025-adapter-1-A: adapter, FFI on, 1.4.0 (formal)
