{
  "comparisons": {
    "resume-1-baseline-source-on": 264,
    "resume-1-baseline-source-off": 264,
    "resume-1-latest-source-on": 264,
    "resume-1-latest-source-off": 264
  },
  "formalProcesses": 312,
  "repeatedRegressions": [
    {
      "comparison": "resume-1-baseline-source-on",
      "suite": "core",
      "size": 1,
      "phase": "queryHot",
      "changePercent": 7.695378789736673
    },
    {
      "comparison": "resume-1-baseline-source-on",
      "suite": "core",
      "size": 0.1,
      "phase": "queryHot",
      "changePercent": 3.2380230613777483
    },
    {
      "comparison": "resume-1-baseline-source-on",
      "suite": "core",
      "size": 2,
      "phase": "getByTag",
      "changePercent": 9.47976490835465
    },
    {
      "comparison": "resume-1-baseline-source-on",
      "suite": "raw",
      "size": 1,
      "phase": "query.small.cold",
      "changePercent": 12.211709191740683
    },
    {
      "comparison": "resume-1-baseline-source-on",
      "suite": "raw",
      "size": 1,
      "phase": "create.8",
      "changePercent": 26.238413780102388
    },
    {
      "comparison": "resume-1-baseline-source-on",
      "suite": "raw",
      "size": 1,
      "phase": "create.32",
      "changePercent": 12.71069430668932
    },
    {
      "comparison": "resume-1-baseline-source-on",
      "suite": "raw",
      "size": 0.1,
      "phase": "query.small.hot",
      "changePercent": 18.8798229514342
    },
    {
      "comparison": "resume-1-baseline-source-on",
      "suite": "raw",
      "size": 0.1,
      "phase": "query.large.hot",
      "changePercent": 7.485634124090024
    },
    {
      "comparison": "resume-1-baseline-source-on",
      "suite": "raw",
      "size": 0.1,
      "phase": "innerHTML.ascii",
      "changePercent": 15.757449966572334
    },
    {
      "comparison": "resume-1-baseline-source-on",
      "suite": "raw",
      "size": 0.1,
      "phase": "outerHTML.ascii",
      "changePercent": 6.567970115180732
    },
    {
      "comparison": "resume-1-baseline-source-on",
      "suite": "raw",
      "size": 2,
      "phase": "innerHTML.unicode",
      "changePercent": 6.667202166326591
    },
    {
      "comparison": "resume-1-baseline-source-on",
      "suite": "raw",
      "size": 2,
      "phase": "outerHTML.ascii",
      "changePercent": 8.12625702077332
    },
    {
      "comparison": "resume-1-baseline-source-on",
      "suite": "raw",
      "size": 2,
      "phase": "innerHTML.grow-shrink",
      "changePercent": 8.829354197992977
    },
    {
      "comparison": "resume-1-baseline-source-on",
      "suite": "adapter",
      "size": 1,
      "phase": "outerHTML.ascii",
      "changePercent": 8.473654514076223
    },
    {
      "comparison": "resume-1-baseline-source-on",
      "suite": "adapter",
      "size": 0.1,
      "phase": "query.small.cold",
      "changePercent": -0.7399945639514072
    },
    {
      "comparison": "resume-1-baseline-source-on",
      "suite": "adapter",
      "size": 0.1,
      "phase": "outerHTML.grow-shrink",
      "changePercent": 12.53921255375705
    },
    {
      "comparison": "resume-1-baseline-source-on",
      "suite": "adapter",
      "size": 0.1,
      "phase": "create.1",
      "changePercent": 41.73976158636863
    },
    {
      "comparison": "resume-1-baseline-source-on",
      "suite": "adapter",
      "size": 0.1,
      "phase": "create.8",
      "changePercent": 33.3962916206137
    },
    {
      "comparison": "resume-1-baseline-source-on",
      "suite": "adapter",
      "size": 0.1,
      "phase": "create.32",
      "changePercent": 18.262074165477358
    },
    {
      "comparison": "resume-1-baseline-source-on",
      "suite": "adapter",
      "size": 2,
      "phase": "innerHTML.ascii",
      "changePercent": 14.18051426746516
    },
    {
      "comparison": "resume-1-baseline-source-on",
      "suite": "adapter",
      "size": 2,
      "phase": "innerHTML.unicode",
      "changePercent": 7.748864170321146
    },
    {
      "comparison": "resume-1-baseline-source-on",
      "suite": "facade",
      "size": 1,
      "phase": "outerHTML.ascii",
      "changePercent": 8.528610880651977
    },
    {
      "comparison": "resume-1-baseline-source-on",
      "suite": "facade",
      "size": 0.1,
      "phase": "query.small.hot",
      "changePercent": 17.82592226826536
    },
    {
      "comparison": "resume-1-baseline-source-on",
      "suite": "facade",
      "size": 0.1,
      "phase": "query.large.cold",
      "changePercent": 21.458286822000574
    },
    {
      "comparison": "resume-1-baseline-source-on",
      "suite": "facade",
      "size": 0.1,
      "phase": "query.large.hot",
      "changePercent": 22.52640059959603
    },
    {
      "comparison": "resume-1-baseline-source-on",
      "suite": "facade",
      "size": 0.1,
      "phase": "child.cold",
      "changePercent": 22.33877760461165
    },
    {
      "comparison": "resume-1-baseline-source-on",
      "suite": "facade",
      "size": 0.1,
      "phase": "preorder.cold",
      "changePercent": 16.68071158207698
    },
    {
      "comparison": "resume-1-baseline-source-on",
      "suite": "facade",
      "size": 0.1,
      "phase": "child.grow-shrink",
      "changePercent": 22.088191362688804
    },
    {
      "comparison": "resume-1-baseline-source-on",
      "suite": "facade",
      "size": 0.1,
      "phase": "preorder.grow-shrink",
      "changePercent": 14.894698645410287
    },
    {
      "comparison": "resume-1-baseline-source-on",
      "suite": "facade",
      "size": 0.1,
      "phase": "innerHTML.unicode",
      "changePercent": 6.7084884631383845
    },
    {
      "comparison": "resume-1-baseline-source-on",
      "suite": "facade",
      "size": 2,
      "phase": "outerHTML.ascii",
      "changePercent": 5.419506328054302
    },
    {
      "comparison": "resume-1-baseline-source-off",
      "suite": "raw",
      "size": 1,
      "phase": "query.small.cold",
      "changePercent": 29.31089201269026
    },
    {
      "comparison": "resume-1-baseline-source-off",
      "suite": "raw",
      "size": 1,
      "phase": "query.small.hot",
      "changePercent": 22.817379347508826
    },
    {
      "comparison": "resume-1-baseline-source-off",
      "suite": "raw",
      "size": 0.1,
      "phase": "outerHTML.ascii",
      "changePercent": 5.6629472252050395
    },
    {
      "comparison": "resume-1-baseline-source-off",
      "suite": "raw",
      "size": 0.1,
      "phase": "outerHTML.unicode",
      "changePercent": 4.146228699571175
    },
    {
      "comparison": "resume-1-baseline-source-off",
      "suite": "raw",
      "size": 2,
      "phase": "query.large.cold",
      "changePercent": 15.008696513672625
    },
    {
      "comparison": "resume-1-baseline-source-off",
      "suite": "raw",
      "size": 2,
      "phase": "outerHTML.ascii",
      "changePercent": 10.734670781256161
    },
    {
      "comparison": "resume-1-baseline-source-off",
      "suite": "raw",
      "size": 2,
      "phase": "create.1",
      "changePercent": 19.89475799816358
    },
    {
      "comparison": "resume-1-baseline-source-off",
      "suite": "raw",
      "size": 2,
      "phase": "create.8",
      "changePercent": 24.82464134663964
    },
    {
      "comparison": "resume-1-baseline-source-off",
      "suite": "raw",
      "size": 2,
      "phase": "create.128",
      "changePercent": 15.161942510863714
    },
    {
      "comparison": "resume-1-baseline-source-off",
      "suite": "adapter",
      "size": 1,
      "phase": "outerHTML.ascii",
      "changePercent": 6.650767354171827
    },
    {
      "comparison": "resume-1-baseline-source-off",
      "suite": "adapter",
      "size": 0.1,
      "phase": "outerHTML.grow-shrink",
      "changePercent": 10.582891335116674
    },
    {
      "comparison": "resume-1-baseline-source-off",
      "suite": "adapter",
      "size": 0.1,
      "phase": "create.8",
      "changePercent": 20.586436787514238
    },
    {
      "comparison": "resume-1-baseline-source-off",
      "suite": "adapter",
      "size": 0.1,
      "phase": "create.256",
      "changePercent": 16.011365149521705
    },
    {
      "comparison": "resume-1-baseline-source-off",
      "suite": "adapter",
      "size": 2,
      "phase": "query.small.cold",
      "changePercent": 20.444484818400667
    },
    {
      "comparison": "resume-1-baseline-source-off",
      "suite": "adapter",
      "size": 2,
      "phase": "query.small.hot",
      "changePercent": 13.492359691228906
    },
    {
      "comparison": "resume-1-baseline-source-off",
      "suite": "facade",
      "size": 0.1,
      "phase": "innerHTML.grow-shrink",
      "changePercent": 11.30419976388135
    },
    {
      "comparison": "resume-1-baseline-source-off",
      "suite": "facade",
      "size": 2,
      "phase": "child.grow-shrink",
      "changePercent": 7.924831724004555
    },
    {
      "comparison": "resume-1-baseline-source-off",
      "suite": "facade",
      "size": 2,
      "phase": "innerHTML.ascii",
      "changePercent": 8.980663205739514
    },
    {
      "comparison": "resume-1-latest-source-on",
      "suite": "core",
      "size": 1,
      "phase": "queryHot",
      "changePercent": 7.269752237051019
    },
    {
      "comparison": "resume-1-latest-source-on",
      "suite": "core",
      "size": 1,
      "phase": "getByTag",
      "changePercent": 18.70388671449703
    },
    {
      "comparison": "resume-1-latest-source-on",
      "suite": "testing",
      "size": 2,
      "phase": "keyedReconcile",
      "changePercent": 6.424606007495748
    },
    {
      "comparison": "resume-1-latest-source-on",
      "suite": "raw",
      "size": 1,
      "phase": "outerHTML.ascii",
      "changePercent": 8.40516176032542
    },
    {
      "comparison": "resume-1-latest-source-on",
      "suite": "raw",
      "size": 1,
      "phase": "innerHTML.grow-shrink",
      "changePercent": 17.352514691965126
    },
    {
      "comparison": "resume-1-latest-source-on",
      "suite": "raw",
      "size": 1,
      "phase": "outerHTML.grow-shrink",
      "changePercent": 30.337128678079317
    },
    {
      "comparison": "resume-1-latest-source-on",
      "suite": "raw",
      "size": 1,
      "phase": "create.256",
      "changePercent": 7.7720439923306905
    },
    {
      "comparison": "resume-1-latest-source-on",
      "suite": "raw",
      "size": 0.1,
      "phase": "innerHTML.unicode",
      "changePercent": 3.940650106270338
    },
    {
      "comparison": "resume-1-latest-source-on",
      "suite": "raw",
      "size": 0.1,
      "phase": "outerHTML.ascii",
      "changePercent": 11.65129032463299
    },
    {
      "comparison": "resume-1-latest-source-on",
      "suite": "raw",
      "size": 0.1,
      "phase": "create.1",
      "changePercent": 31.690521373274393
    },
    {
      "comparison": "resume-1-latest-source-on",
      "suite": "raw",
      "size": 0.1,
      "phase": "create.8",
      "changePercent": 55.70889846020033
    },
    {
      "comparison": "resume-1-latest-source-on",
      "suite": "raw",
      "size": 2,
      "phase": "query.small.hot",
      "changePercent": 22.31336221623488
    },
    {
      "comparison": "resume-1-latest-source-on",
      "suite": "raw",
      "size": 2,
      "phase": "query.large.hot",
      "changePercent": 19.326776989656214
    },
    {
      "comparison": "resume-1-latest-source-on",
      "suite": "raw",
      "size": 2,
      "phase": "preorder.grow-shrink",
      "changePercent": 35.40701532099612
    },
    {
      "comparison": "resume-1-latest-source-on",
      "suite": "raw",
      "size": 2,
      "phase": "innerHTML.grow-shrink",
      "changePercent": 29.249270562193974
    },
    {
      "comparison": "resume-1-latest-source-on",
      "suite": "raw",
      "size": 2,
      "phase": "create.1",
      "changePercent": 14.837110489867712
    },
    {
      "comparison": "resume-1-latest-source-on",
      "suite": "raw",
      "size": 2,
      "phase": "create.8",
      "changePercent": 10.451560836962104
    },
    {
      "comparison": "resume-1-latest-source-on",
      "suite": "adapter",
      "size": 1,
      "phase": "child.grow-shrink",
      "changePercent": 4.956001230522755
    },
    {
      "comparison": "resume-1-latest-source-on",
      "suite": "adapter",
      "size": 1,
      "phase": "outerHTML.ascii",
      "changePercent": 7.770966361510112
    },
    {
      "comparison": "resume-1-latest-source-on",
      "suite": "adapter",
      "size": 0.1,
      "phase": "query.large.cold",
      "changePercent": -2.5665296549217342
    },
    {
      "comparison": "resume-1-latest-source-on",
      "suite": "adapter",
      "size": 0.1,
      "phase": "preorder.cold",
      "changePercent": 10.435332457307101
    },
    {
      "comparison": "resume-1-latest-source-on",
      "suite": "adapter",
      "size": 0.1,
      "phase": "child.grow-shrink",
      "changePercent": 12.59826708812044
    },
    {
      "comparison": "resume-1-latest-source-on",
      "suite": "adapter",
      "size": 0.1,
      "phase": "preorder.grow-shrink",
      "changePercent": 12.9165194509145
    },
    {
      "comparison": "resume-1-latest-source-on",
      "suite": "adapter",
      "size": 0.1,
      "phase": "innerHTML.ascii",
      "changePercent": 12.439444689949708
    },
    {
      "comparison": "resume-1-latest-source-on",
      "suite": "adapter",
      "size": 0.1,
      "phase": "outerHTML.ascii",
      "changePercent": 18.608532567428714
    },
    {
      "comparison": "resume-1-latest-source-on",
      "suite": "adapter",
      "size": 0.1,
      "phase": "outerHTML.grow-shrink",
      "changePercent": 15.672154737219014
    },
    {
      "comparison": "resume-1-latest-source-on",
      "suite": "adapter",
      "size": 0.1,
      "phase": "create.8",
      "changePercent": 33.96633853792863
    },
    {
      "comparison": "resume-1-latest-source-on",
      "suite": "adapter",
      "size": 0.1,
      "phase": "create.32",
      "changePercent": 15.416814679394996
    },
    {
      "comparison": "resume-1-latest-source-on",
      "suite": "adapter",
      "size": 0.1,
      "phase": "create.128",
      "changePercent": 10.300120535395173
    },
    {
      "comparison": "resume-1-latest-source-on",
      "suite": "adapter",
      "size": 2,
      "phase": "query.small.cold",
      "changePercent": 24.02294740965114
    },
    {
      "comparison": "resume-1-latest-source-on",
      "suite": "adapter",
      "size": 2,
      "phase": "query.small.hot",
      "changePercent": 22.57329791294387
    },
    {
      "comparison": "resume-1-latest-source-on",
      "suite": "facade",
      "size": 1,
      "phase": "outerHTML.ascii",
      "changePercent": 9.202241330927796
    },
    {
      "comparison": "resume-1-latest-source-on",
      "suite": "facade",
      "size": 1,
      "phase": "innerHTML.grow-shrink",
      "changePercent": 12.211188529974958
    },
    {
      "comparison": "resume-1-latest-source-on",
      "suite": "facade",
      "size": 1,
      "phase": "create.1",
      "changePercent": 16.05491440236946
    },
    {
      "comparison": "resume-1-latest-source-on",
      "suite": "facade",
      "size": 1,
      "phase": "create.8",
      "changePercent": 10.79451148057382
    },
    {
      "comparison": "resume-1-latest-source-off",
      "suite": "core",
      "size": 2,
      "phase": "getByTag",
      "changePercent": 11.922616732820558
    },
    {
      "comparison": "resume-1-latest-source-off",
      "suite": "testing",
      "size": 0.1,
      "phase": "testingLibraryText",
      "changePercent": 14.01847111785932
    },
    {
      "comparison": "resume-1-latest-source-off",
      "suite": "testing",
      "size": 0.1,
      "phase": "testingLibraryEvents",
      "changePercent": 11.604594034832626
    },
    {
      "comparison": "resume-1-latest-source-off",
      "suite": "testing",
      "size": 2,
      "phase": "testingLibraryEvents",
      "changePercent": 5.506976622875959
    },
    {
      "comparison": "resume-1-latest-source-off",
      "suite": "raw",
      "size": 0.1,
      "phase": "create.32",
      "changePercent": 11.147172332263033
    },
    {
      "comparison": "resume-1-latest-source-off",
      "suite": "adapter",
      "size": 1,
      "phase": "create.256",
      "changePercent": 13.501158991673034
    },
    {
      "comparison": "resume-1-latest-source-off",
      "suite": "adapter",
      "size": 0.1,
      "phase": "query.small.cold",
      "changePercent": 22.76239565712428
    },
    {
      "comparison": "resume-1-latest-source-off",
      "suite": "adapter",
      "size": 0.1,
      "phase": "query.small.hot",
      "changePercent": 44.86881263673401
    },
    {
      "comparison": "resume-1-latest-source-off",
      "suite": "adapter",
      "size": 0.1,
      "phase": "query.large.cold",
      "changePercent": 7.905790341733265
    },
    {
      "comparison": "resume-1-latest-source-off",
      "suite": "adapter",
      "size": 0.1,
      "phase": "child.cold",
      "changePercent": 22.967865844184445
    },
    {
      "comparison": "resume-1-latest-source-off",
      "suite": "adapter",
      "size": 0.1,
      "phase": "innerHTML.grow-shrink",
      "changePercent": 24.141641069283626
    },
    {
      "comparison": "resume-1-latest-source-off",
      "suite": "adapter",
      "size": 0.1,
      "phase": "create.1",
      "changePercent": 22.801630685860342
    },
    {
      "comparison": "resume-1-latest-source-off",
      "suite": "adapter",
      "size": 0.1,
      "phase": "create.8",
      "changePercent": 26.10117485525494
    },
    {
      "comparison": "resume-1-latest-source-off",
      "suite": "adapter",
      "size": 0.1,
      "phase": "create.128",
      "changePercent": 9.789261706612606
    },
    {
      "comparison": "resume-1-latest-source-off",
      "suite": "facade",
      "size": 1,
      "phase": "child.grow-shrink",
      "changePercent": 25.384948183796663
    },
    {
      "comparison": "resume-1-latest-source-off",
      "suite": "facade",
      "size": 1,
      "phase": "innerHTML.unicode",
      "changePercent": 8.768298357904825
    },
    {
      "comparison": "resume-1-latest-source-off",
      "suite": "facade",
      "size": 1,
      "phase": "outerHTML.ascii",
      "changePercent": 6.148355334481526
    },
    {
      "comparison": "resume-1-latest-source-off",
      "suite": "facade",
      "size": 1,
      "phase": "outerHTML.grow-shrink",
      "changePercent": 22.77566471955663
    },
    {
      "comparison": "resume-1-latest-source-off",
      "suite": "facade",
      "size": 1,
      "phase": "create.8",
      "changePercent": 13.354957669703627
    },
    {
      "comparison": "resume-1-latest-source-off",
      "suite": "facade",
      "size": 0.1,
      "phase": "child.grow-shrink",
      "changePercent": 25.98455045835335
    },
    {
      "comparison": "resume-1-latest-source-off",
      "suite": "facade",
      "size": 0.1,
      "phase": "innerHTML.ascii",
      "changePercent": 14.217355382749574
    },
    {
      "comparison": "resume-1-latest-source-off",
      "suite": "facade",
      "size": 0.1,
      "phase": "innerHTML.unicode",
      "changePercent": 14.972439345155308
    },
    {
      "comparison": "resume-1-latest-source-off",
      "suite": "facade",
      "size": 0.1,
      "phase": "outerHTML.ascii",
      "changePercent": 16.40432760546835
    },
    {
      "comparison": "resume-1-latest-source-off",
      "suite": "facade",
      "size": 0.1,
      "phase": "outerHTML.unicode",
      "changePercent": 10.410346517758073
    },
    {
      "comparison": "resume-1-latest-source-off",
      "suite": "facade",
      "size": 0.1,
      "phase": "innerHTML.grow-shrink",
      "changePercent": 20.5830110640572
    },
    {
      "comparison": "resume-1-latest-source-off",
      "suite": "facade",
      "size": 0.1,
      "phase": "create.8",
      "changePercent": 10.230962759258212
    },
    {
      "comparison": "resume-1-latest-source-off",
      "suite": "facade",
      "size": 0.1,
      "phase": "create.128",
      "changePercent": 14.077426262910397
    },
    {
      "comparison": "resume-1-latest-source-off",
      "suite": "facade",
      "size": 0.1,
      "phase": "create.256",
      "changePercent": 7.370368635722779
    },
    {
      "comparison": "resume-1-latest-source-off",
      "suite": "facade",
      "size": 2,
      "phase": "query.small.cold",
      "changePercent": 25.993263080449182
    },
    {
      "comparison": "resume-1-latest-source-off",
      "suite": "facade",
      "size": 2,
      "phase": "query.large.cold",
      "changePercent": 13.452034776983158
    },
    {
      "comparison": "resume-1-latest-source-off",
      "suite": "facade",
      "size": 2,
      "phase": "outerHTML.ascii",
      "changePercent": 7.903712472323465
    }
  ]
}
