$ bun scripts/bench.mjs
   Compiling syn v2.0.119
   Compiling phf_macros v0.13.1
   Compiling cssparser-macros v0.7.0
   Compiling derive_more-impl v2.1.1
   Compiling phf v0.13.1
   Compiling derive_more v2.1.1
   Compiling web_atoms v0.2.6
   Compiling cssparser v0.37.0
   Compiling markup5ever v0.39.0
   Compiling html5ever v0.39.0
   Compiling selectors v0.40.0
   Compiling mad-dom-core v0.0.1-alpha.0 (/home/ubuntu/.herdr/worktrees/mad-dom/herdr-plan-bun-native-performance-02-native-snapshot-packing/crates/mad-dom-core)
warning: unused variable: `root`
   --> crates/mad-dom-core/src/dom/cross_document.rs:354:30
    |
354 |     fn verify_subtree(&self, root: NodeId) {
    |                              ^^^^ help: if this is intentional, prefix it with an underscore: `_root`
    |
    = note: `#[warn(unused_variables)]` (part of `#[warn(unused)]`) on by default

warning: unused variable: `node`
   --> crates/mad-dom-core/src/dom/cross_document.rs:366:32
    |
366 |     fn verify_tree_root(&self, node: NodeId) {
    |                                ^^^^ help: if this is intentional, prefix it with an underscore: `_node`

warning: unused variable: `node`
   --> crates/mad-dom-core/src/dom/mutation.rs:781:44
    |
781 |     pub(crate) fn verify_invariants(&self, node: NodeId) {
    |                                            ^^^^ help: if this is intentional, prefix it with an underscore: `_node`

warning: unused variable: `node`
   --> crates/mad-dom-core/src/dom/mutation.rs:808:42
    |
808 |     pub(crate) fn verify_detached(&self, node: NodeId) {
    |                                          ^^^^ help: if this is intentional, prefix it with an underscore: `_node`

warning: unused variable: `node`
   --> crates/mad-dom-core/src/html/apply.rs:285:28
    |
285 |     fn verify_apply(&self, node: NodeId) {
    |                            ^^^^ help: if this is intentional, prefix it with an underscore: `_node`

warning: `mad-dom-core` (lib) generated 5 warnings (run `cargo fix --lib -p mad-dom-core` to apply 5 suggestions)
    Finished `release` profile [optimized] target(s) in 16.07s
     Running `target/release/examples/bench --json`
