START 052-resume-1-static-before: /tmp/mad-dom-bun-performance-01/runtimes/baseline/bun-linux-x64/bun plans/bun-native-performance/evidence/task-02/static-verification.mjs
END 052-resume-1-static-before: exit 0
START 053-resume-1-verify-baseline-on-smoke: /tmp/mad-dom-bun-performance-01/runtimes/baseline/bun-linux-x64/bun benchmark/bun-performance/run.mjs --verify /home/ubuntu/.herdr/worktrees/mad-dom/herdr-plan-bun-native-performance-02-native-snapshot-packing/plans/bun-native-performance/evidence/task-02/baseline-source-on-smoke
END 053-resume-1-verify-baseline-on-smoke: exit 0
START 054-resume-1-verify-latest-on-smoke: /tmp/mad-dom-bun-performance-02/runtimes/latest/bun-linux-x64/bun benchmark/bun-performance/run.mjs --verify /home/ubuntu/.herdr/worktrees/mad-dom/herdr-plan-bun-native-performance-02-native-snapshot-packing/plans/bun-native-performance/evidence/task-02/latest-source-on-smoke
END 054-resume-1-verify-latest-on-smoke: exit 0
START 055-resume-1-verify-baseline-off-smoke: /tmp/mad-dom-bun-performance-01/runtimes/baseline/bun-linux-x64/bun benchmark/bun-performance/run.mjs --verify /home/ubuntu/.herdr/worktrees/mad-dom/herdr-plan-bun-native-performance-02-native-snapshot-packing/plans/bun-native-performance/evidence/task-02/baseline-source-off-smoke
END 055-resume-1-verify-baseline-off-smoke: exit 0
START 056-resume-1-verify-latest-off-smoke: /tmp/mad-dom-bun-performance-02/runtimes/latest/bun-linux-x64/bun benchmark/bun-performance/run.mjs --verify /home/ubuntu/.herdr/worktrees/mad-dom/herdr-plan-bun-native-performance-02-native-snapshot-packing/plans/bun-native-performance/evidence/task-02/latest-source-off-smoke
END 056-resume-1-verify-latest-off-smoke: exit 0
START 057-resume-1-baseline-source-on-formal: /tmp/mad-dom-bun-performance-01/runtimes/baseline/bun-linux-x64/bun benchmark/bun-performance/run.mjs --bun /tmp/mad-dom-bun-performance-01/runtimes/baseline/bun-linux-x64/bun --reference-root /home/ubuntu/.herdr/worktrees/mad-dom/bun-native-performance-reference-efaa64b --reference-image /home/ubuntu/.herdr/worktrees/mad-dom/bun-native-performance-reference-efaa64b/build/mad-dom.node --candidate-root /home/ubuntu/.herdr/worktrees/mad-dom/herdr-plan-bun-native-performance-02-native-snapshot-packing --candidate-image /home/ubuntu/.herdr/worktrees/mad-dom/herdr-plan-bun-native-performance-02-native-snapshot-packing/build/mad-dom.node --mode source --ffi on --out /home/ubuntu/.herdr/worktrees/mad-dom/herdr-plan-bun-native-performance-02-native-snapshot-packing/plans/bun-native-performance/evidence/task-02/resume-1-baseline-source-on-formal --suites core,testing,raw,adapter,facade --groups 2 --sizes 1,0.1,2 --iterations 32
END 057-resume-1-baseline-source-on-formal: exit 0
START 058-resume-1-baseline-source-on-formal-verify: /tmp/mad-dom-bun-performance-01/runtimes/baseline/bun-linux-x64/bun benchmark/bun-performance/run.mjs --verify /home/ubuntu/.herdr/worktrees/mad-dom/herdr-plan-bun-native-performance-02-native-snapshot-packing/plans/bun-native-performance/evidence/task-02/resume-1-baseline-source-on-formal
END 058-resume-1-baseline-source-on-formal-verify: exit 0
START 059-resume-1-latest-source-on-formal: /tmp/mad-dom-bun-performance-02/runtimes/latest/bun-linux-x64/bun benchmark/bun-performance/run.mjs --bun /tmp/mad-dom-bun-performance-02/runtimes/latest/bun-linux-x64/bun --reference-root /home/ubuntu/.herdr/worktrees/mad-dom/bun-native-performance-reference-efaa64b --reference-image /home/ubuntu/.herdr/worktrees/mad-dom/bun-native-performance-reference-efaa64b/build/mad-dom.node --candidate-root /home/ubuntu/.herdr/worktrees/mad-dom/herdr-plan-bun-native-performance-02-native-snapshot-packing --candidate-image /home/ubuntu/.herdr/worktrees/mad-dom/herdr-plan-bun-native-performance-02-native-snapshot-packing/build/mad-dom.node --mode source --ffi on --out /home/ubuntu/.herdr/worktrees/mad-dom/herdr-plan-bun-native-performance-02-native-snapshot-packing/plans/bun-native-performance/evidence/task-02/resume-1-latest-source-on-formal --suites core,testing,raw,adapter,facade --groups 2 --sizes 1,0.1,2 --iterations 32
END 059-resume-1-latest-source-on-formal: exit 0
START 060-resume-1-latest-source-on-formal-verify: /tmp/mad-dom-bun-performance-02/runtimes/latest/bun-linux-x64/bun benchmark/bun-performance/run.mjs --verify /home/ubuntu/.herdr/worktrees/mad-dom/herdr-plan-bun-native-performance-02-native-snapshot-packing/plans/bun-native-performance/evidence/task-02/resume-1-latest-source-on-formal
END 060-resume-1-latest-source-on-formal-verify: exit 0
START 061-resume-1-baseline-source-off-formal: /tmp/mad-dom-bun-performance-01/runtimes/baseline/bun-linux-x64/bun benchmark/bun-performance/run.mjs --bun /tmp/mad-dom-bun-performance-01/runtimes/baseline/bun-linux-x64/bun --reference-root /home/ubuntu/.herdr/worktrees/mad-dom/bun-native-performance-reference-efaa64b --reference-image /home/ubuntu/.herdr/worktrees/mad-dom/bun-native-performance-reference-efaa64b/build/mad-dom.node --candidate-root /home/ubuntu/.herdr/worktrees/mad-dom/herdr-plan-bun-native-performance-02-native-snapshot-packing --candidate-image /home/ubuntu/.herdr/worktrees/mad-dom/herdr-plan-bun-native-performance-02-native-snapshot-packing/build/mad-dom.node --mode source --ffi off --out /home/ubuntu/.herdr/worktrees/mad-dom/herdr-plan-bun-native-performance-02-native-snapshot-packing/plans/bun-native-performance/evidence/task-02/resume-1-baseline-source-off-formal --suites core,testing,raw,adapter,facade --groups 2 --sizes 1,0.1,2 --iterations 32
END 061-resume-1-baseline-source-off-formal: exit 0
START 062-resume-1-baseline-source-off-formal-verify: /tmp/mad-dom-bun-performance-01/runtimes/baseline/bun-linux-x64/bun benchmark/bun-performance/run.mjs --verify /home/ubuntu/.herdr/worktrees/mad-dom/herdr-plan-bun-native-performance-02-native-snapshot-packing/plans/bun-native-performance/evidence/task-02/resume-1-baseline-source-off-formal
END 062-resume-1-baseline-source-off-formal-verify: exit 0
START 063-resume-1-latest-source-off-formal: /tmp/mad-dom-bun-performance-02/runtimes/latest/bun-linux-x64/bun benchmark/bun-performance/run.mjs --bun /tmp/mad-dom-bun-performance-02/runtimes/latest/bun-linux-x64/bun --reference-root /home/ubuntu/.herdr/worktrees/mad-dom/bun-native-performance-reference-efaa64b --reference-image /home/ubuntu/.herdr/worktrees/mad-dom/bun-native-performance-reference-efaa64b/build/mad-dom.node --candidate-root /home/ubuntu/.herdr/worktrees/mad-dom/herdr-plan-bun-native-performance-02-native-snapshot-packing --candidate-image /home/ubuntu/.herdr/worktrees/mad-dom/herdr-plan-bun-native-performance-02-native-snapshot-packing/build/mad-dom.node --mode source --ffi off --out /home/ubuntu/.herdr/worktrees/mad-dom/herdr-plan-bun-native-performance-02-native-snapshot-packing/plans/bun-native-performance/evidence/task-02/resume-1-latest-source-off-formal --suites core,testing,raw,adapter,facade --groups 2 --sizes 1,0.1,2 --iterations 32
END 063-resume-1-latest-source-off-formal: exit 0
START 064-resume-1-latest-source-off-formal-verify: /tmp/mad-dom-bun-performance-02/runtimes/latest/bun-linux-x64/bun benchmark/bun-performance/run.mjs --verify /home/ubuntu/.herdr/worktrees/mad-dom/herdr-plan-bun-native-performance-02-native-snapshot-packing/plans/bun-native-performance/evidence/task-02/resume-1-latest-source-off-formal
END 064-resume-1-latest-source-off-formal-verify: exit 0
START 065-resume-1-baseline-source-on-supplemental: /tmp/mad-dom-bun-performance-01/runtimes/baseline/bun-linux-x64/bun benchmark/bun-performance/run.mjs --bun /tmp/mad-dom-bun-performance-01/runtimes/baseline/bun-linux-x64/bun --reference-root /home/ubuntu/.herdr/worktrees/mad-dom/bun-native-performance-reference-efaa64b --reference-image /home/ubuntu/.herdr/worktrees/mad-dom/bun-native-performance-reference-efaa64b/build/mad-dom.node --candidate-root /home/ubuntu/.herdr/worktrees/mad-dom/herdr-plan-bun-native-performance-02-native-snapshot-packing --candidate-image /home/ubuntu/.herdr/worktrees/mad-dom/herdr-plan-bun-native-performance-02-native-snapshot-packing/build/mad-dom.node --mode source --ffi on --out /home/ubuntu/.herdr/worktrees/mad-dom/herdr-plan-bun-native-performance-02-native-snapshot-packing/plans/bun-native-performance/evidence/task-02/resume-1-baseline-source-on-supplemental --suites core,raw,adapter,facade --groups 2 --sizes 1,0.1,2 --iterations 32
END 065-resume-1-baseline-source-on-supplemental: exit 0
START 066-resume-1-baseline-source-on-supplemental-verify: /tmp/mad-dom-bun-performance-01/runtimes/baseline/bun-linux-x64/bun benchmark/bun-performance/run.mjs --verify /home/ubuntu/.herdr/worktrees/mad-dom/herdr-plan-bun-native-performance-02-native-snapshot-packing/plans/bun-native-performance/evidence/task-02/resume-1-baseline-source-on-supplemental
END 066-resume-1-baseline-source-on-supplemental-verify: exit 0
START 067-resume-1-latest-source-on-supplemental: /tmp/mad-dom-bun-performance-02/runtimes/latest/bun-linux-x64/bun benchmark/bun-performance/run.mjs --bun /tmp/mad-dom-bun-performance-02/runtimes/latest/bun-linux-x64/bun --reference-root /home/ubuntu/.herdr/worktrees/mad-dom/bun-native-performance-reference-efaa64b --reference-image /home/ubuntu/.herdr/worktrees/mad-dom/bun-native-performance-reference-efaa64b/build/mad-dom.node --candidate-root /home/ubuntu/.herdr/worktrees/mad-dom/herdr-plan-bun-native-performance-02-native-snapshot-packing --candidate-image /home/ubuntu/.herdr/worktrees/mad-dom/herdr-plan-bun-native-performance-02-native-snapshot-packing/build/mad-dom.node --mode source --ffi on --out /home/ubuntu/.herdr/worktrees/mad-dom/herdr-plan-bun-native-performance-02-native-snapshot-packing/plans/bun-native-performance/evidence/task-02/resume-1-latest-source-on-supplemental --suites core,testing,raw,adapter,facade --groups 2 --sizes 1,0.1,2 --iterations 32
END 067-resume-1-latest-source-on-supplemental: exit 0
START 068-resume-1-latest-source-on-supplemental-verify: /tmp/mad-dom-bun-performance-02/runtimes/latest/bun-linux-x64/bun benchmark/bun-performance/run.mjs --verify /home/ubuntu/.herdr/worktrees/mad-dom/herdr-plan-bun-native-performance-02-native-snapshot-packing/plans/bun-native-performance/evidence/task-02/resume-1-latest-source-on-supplemental
END 068-resume-1-latest-source-on-supplemental-verify: exit 0
START 069-resume-1-baseline-source-off-supplemental: /tmp/mad-dom-bun-performance-01/runtimes/baseline/bun-linux-x64/bun benchmark/bun-performance/run.mjs --bun /tmp/mad-dom-bun-performance-01/runtimes/baseline/bun-linux-x64/bun --reference-root /home/ubuntu/.herdr/worktrees/mad-dom/bun-native-performance-reference-efaa64b --reference-image /home/ubuntu/.herdr/worktrees/mad-dom/bun-native-performance-reference-efaa64b/build/mad-dom.node --candidate-root /home/ubuntu/.herdr/worktrees/mad-dom/herdr-plan-bun-native-performance-02-native-snapshot-packing --candidate-image /home/ubuntu/.herdr/worktrees/mad-dom/herdr-plan-bun-native-performance-02-native-snapshot-packing/build/mad-dom.node --mode source --ffi off --out /home/ubuntu/.herdr/worktrees/mad-dom/herdr-plan-bun-native-performance-02-native-snapshot-packing/plans/bun-native-performance/evidence/task-02/resume-1-baseline-source-off-supplemental --suites core,testing,raw,adapter,facade --groups 2 --sizes 1,0.1,2 --iterations 32
END 069-resume-1-baseline-source-off-supplemental: exit 0
START 070-resume-1-baseline-source-off-supplemental-verify: /tmp/mad-dom-bun-performance-01/runtimes/baseline/bun-linux-x64/bun benchmark/bun-performance/run.mjs --verify /home/ubuntu/.herdr/worktrees/mad-dom/herdr-plan-bun-native-performance-02-native-snapshot-packing/plans/bun-native-performance/evidence/task-02/resume-1-baseline-source-off-supplemental
END 070-resume-1-baseline-source-off-supplemental-verify: exit 0
START 071-resume-1-latest-source-off-supplemental: /tmp/mad-dom-bun-performance-02/runtimes/latest/bun-linux-x64/bun benchmark/bun-performance/run.mjs --bun /tmp/mad-dom-bun-performance-02/runtimes/latest/bun-linux-x64/bun --reference-root /home/ubuntu/.herdr/worktrees/mad-dom/bun-native-performance-reference-efaa64b --reference-image /home/ubuntu/.herdr/worktrees/mad-dom/bun-native-performance-reference-efaa64b/build/mad-dom.node --candidate-root /home/ubuntu/.herdr/worktrees/mad-dom/herdr-plan-bun-native-performance-02-native-snapshot-packing --candidate-image /home/ubuntu/.herdr/worktrees/mad-dom/herdr-plan-bun-native-performance-02-native-snapshot-packing/build/mad-dom.node --mode source --ffi off --out /home/ubuntu/.herdr/worktrees/mad-dom/herdr-plan-bun-native-performance-02-native-snapshot-packing/plans/bun-native-performance/evidence/task-02/resume-1-latest-source-off-supplemental --suites core,testing,raw,adapter,facade --groups 2 --sizes 1,0.1,2 --iterations 32
END 071-resume-1-latest-source-off-supplemental: exit 0
START 072-resume-1-latest-source-off-supplemental-verify: /tmp/mad-dom-bun-performance-02/runtimes/latest/bun-linux-x64/bun benchmark/bun-performance/run.mjs --verify /home/ubuntu/.herdr/worktrees/mad-dom/herdr-plan-bun-native-performance-02-native-snapshot-packing/plans/bun-native-performance/evidence/task-02/resume-1-latest-source-off-supplemental
END 072-resume-1-latest-source-off-supplemental-verify: exit 0
START 073-resume-1-baseline-source-on-profile: /tmp/mad-dom-bun-performance-01/runtimes/baseline/bun-linux-x64/bun benchmark/bun-performance/run.mjs --bun /tmp/mad-dom-bun-performance-01/runtimes/baseline/bun-linux-x64/bun --reference-root /home/ubuntu/.herdr/worktrees/mad-dom/bun-native-performance-reference-efaa64b --reference-image /home/ubuntu/.herdr/worktrees/mad-dom/bun-native-performance-reference-efaa64b/build/mad-dom.node --candidate-root /home/ubuntu/.herdr/worktrees/mad-dom/herdr-plan-bun-native-performance-02-native-snapshot-packing --candidate-image /home/ubuntu/.herdr/worktrees/mad-dom/herdr-plan-bun-native-performance-02-native-snapshot-packing/build/mad-dom.node --mode source --ffi on --out /home/ubuntu/.herdr/worktrees/mad-dom/herdr-plan-bun-native-performance-02-native-snapshot-packing/plans/bun-native-performance/evidence/task-02/resume-1-baseline-source-on-profile --suites raw,adapter,facade --sizes 1 --iterations 32 --profile /tmp/mad-dom-bun-performance-02/profiles/resume-1-baseline-source-on-profile
END 073-resume-1-baseline-source-on-profile: exit 0
START 074-resume-1-baseline-source-on-profile-verify: /tmp/mad-dom-bun-performance-01/runtimes/baseline/bun-linux-x64/bun benchmark/bun-performance/run.mjs --verify /home/ubuntu/.herdr/worktrees/mad-dom/herdr-plan-bun-native-performance-02-native-snapshot-packing/plans/bun-native-performance/evidence/task-02/resume-1-baseline-source-on-profile
END 074-resume-1-baseline-source-on-profile-verify: exit 0
START 075-resume-1-latest-source-on-profile: /tmp/mad-dom-bun-performance-02/runtimes/latest/bun-linux-x64/bun benchmark/bun-performance/run.mjs --bun /tmp/mad-dom-bun-performance-02/runtimes/latest/bun-linux-x64/bun --reference-root /home/ubuntu/.herdr/worktrees/mad-dom/bun-native-performance-reference-efaa64b --reference-image /home/ubuntu/.herdr/worktrees/mad-dom/bun-native-performance-reference-efaa64b/build/mad-dom.node --candidate-root /home/ubuntu/.herdr/worktrees/mad-dom/herdr-plan-bun-native-performance-02-native-snapshot-packing --candidate-image /home/ubuntu/.herdr/worktrees/mad-dom/herdr-plan-bun-native-performance-02-native-snapshot-packing/build/mad-dom.node --mode source --ffi on --out /home/ubuntu/.herdr/worktrees/mad-dom/herdr-plan-bun-native-performance-02-native-snapshot-packing/plans/bun-native-performance/evidence/task-02/resume-1-latest-source-on-profile --suites raw,adapter,facade --sizes 1 --iterations 32 --profile /tmp/mad-dom-bun-performance-02/profiles/resume-1-latest-source-on-profile
END 075-resume-1-latest-source-on-profile: exit 0
START 076-resume-1-latest-source-on-profile-verify: /tmp/mad-dom-bun-performance-02/runtimes/latest/bun-linux-x64/bun benchmark/bun-performance/run.mjs --verify /home/ubuntu/.herdr/worktrees/mad-dom/herdr-plan-bun-native-performance-02-native-snapshot-packing/plans/bun-native-performance/evidence/task-02/resume-1-latest-source-on-profile
END 076-resume-1-latest-source-on-profile-verify: exit 0
START 077-source-analysis: /tmp/mad-dom-bun-performance-01/runtimes/baseline/bun-linux-x64/bun plans/bun-native-performance/evidence/task-02/analyze-resume-1.mjs
END 077-source-analysis: exit 0
START 078-profile-summary: /tmp/mad-dom-bun-performance-01/runtimes/baseline/bun-linux-x64/bun plans/bun-native-performance/evidence/task-02/profile-summary-resume-1.mjs
END 078-profile-summary: exit 0
START 079-latest-bench-check: /tmp/mad-dom-bun-performance-02/runtimes/latest/bun-linux-x64/bun run bench:check
END 079-latest-bench-check: exit 0
START 080-post-campaign-static: /tmp/mad-dom-bun-performance-01/runtimes/baseline/bun-linux-x64/bun plans/bun-native-performance/evidence/task-02/static-verification.mjs
END 080-post-campaign-static: exit 0
{"completed":true,"repeatedRowsToReview":115}
