{
  "schema": "mad-dom-task03-html-state-probe/1",
  "bun": "1.4.2",
  "bunRevision": "744846f844374847c902b5e7fd59b4342a51ef99",
  "executable": "/tmp/mad-dom-bun-performance-01/runtimes/latest/bun-linux-x64/bun",
  "executableSha256": "a83d263767d839e4d2649ca8e35d07159c7afc99afdc96d731ced29e056dda0c",
  "nativePath": "/home/ubuntu/.herdr/worktrees/mad-dom/herdr-plan-bun-native-performance-03-ffi-adapter-performance/build/mad-dom.node",
  "nativeSha256": "2d1f85d40ea55e79d2564004716cd9b68c48cde31baea3b9335d63a7c102fa96",
  "executableIdentity": {
    "path": "/tmp/mad-dom-bun-performance-01/runtimes/latest/bun-linux-x64/bun",
    "sha256": "a83d263767d839e4d2649ca8e35d07159c7afc99afdc96d731ced29e056dda0c",
    "bytes": 79500640,
    "dev": 64769,
    "inode": 1087116
  },
  "nativeIdentity": {
    "path": "/home/ubuntu/.herdr/worktrees/mad-dom/herdr-plan-bun-native-performance-03-ffi-adapter-performance/build/mad-dom.node",
    "sha256": "2d1f85d40ea55e79d2564004716cd9b68c48cde31baea3b9335d63a7c102fa96",
    "bytes": 3866672,
    "dev": 64784,
    "inode": 2111611
  },
  "ffi": {
    "status": "disabled",
    "reason": "MAD_DOM_FFI_DISABLED is set",
    "expectedAbiVersion": 1,
    "expectedCapabilities": 31,
    "symbols": []
  },
  "archiveProductionSha256": "74ef5e3ca7a102422aeffd26280c4c743462de6230ca83cadfa977e6aeaf6aa7",
  "publicKindReads": 0,
  "observations": [
    {
      "name": "element0.before.inner",
      "kind": 1,
      "before": false,
      "after": true,
      "value": "你好 café 🦀 &amp; &lt;"
    },
    {
      "name": "element0.before.outer",
      "kind": 1,
      "before": true,
      "after": true,
      "value": "<div>你好 café 🦀 &amp; &lt;</div>"
    },
    {
      "name": "element0.materialize",
      "kind": 1,
      "before": true,
      "after": true,
      "value": "materialized"
    },
    {
      "name": "element0.after.inner",
      "kind": 1,
      "before": true,
      "after": true,
      "value": "你好 café 🦀 &amp; &lt;"
    },
    {
      "name": "element0.after.outer",
      "kind": 1,
      "before": true,
      "after": true,
      "value": "<div>你好 café 🦀 &amp; &lt;</div>"
    },
    {
      "name": "element0.native.inner",
      "kind": 1,
      "before": true,
      "after": true,
      "value": "你好 café 🦀 &amp; &lt;"
    },
    {
      "name": "element0.native.outer",
      "kind": 1,
      "before": true,
      "after": true,
      "value": "<div>你好 café 🦀 &amp; &lt;</div>"
    },
    {
      "name": "element1.before.inner",
      "kind": 1,
      "before": false,
      "after": true,
      "value": "﻿leading mark"
    },
    {
      "name": "element1.before.outer",
      "kind": 1,
      "before": true,
      "after": true,
      "value": "<div>﻿leading mark</div>"
    },
    {
      "name": "element1.materialize",
      "kind": 1,
      "before": true,
      "after": true,
      "value": "materialized"
    },
    {
      "name": "element1.after.inner",
      "kind": 1,
      "before": true,
      "after": true,
      "value": "﻿leading mark"
    },
    {
      "name": "element1.after.outer",
      "kind": 1,
      "before": true,
      "after": true,
      "value": "<div>﻿leading mark</div>"
    },
    {
      "name": "element1.native.inner",
      "kind": 1,
      "before": true,
      "after": true,
      "value": "﻿leading mark"
    },
    {
      "name": "element1.native.outer",
      "kind": 1,
      "before": true,
      "after": true,
      "value": "<div>﻿leading mark</div>"
    },
    {
      "name": "element2.before.inner",
      "kind": 1,
      "before": false,
      "after": true,
      "value": ""
    },
    {
      "name": "element2.before.outer",
      "kind": 1,
      "before": true,
      "after": true,
      "value": "<div></div>"
    },
    {
      "name": "element2.materialize",
      "kind": 1,
      "before": true,
      "after": true,
      "value": "materialized"
    },
    {
      "name": "element2.after.inner",
      "kind": 1,
      "before": true,
      "after": true,
      "value": ""
    },
    {
      "name": "element2.after.outer",
      "kind": 1,
      "before": true,
      "after": true,
      "value": "<div></div>"
    },
    {
      "name": "element2.native.inner",
      "kind": 1,
      "before": true,
      "after": true,
      "value": ""
    },
    {
      "name": "element2.native.outer",
      "kind": 1,
      "before": true,
      "after": true,
      "value": "<div></div>"
    },
    {
      "name": "text.before.inner",
      "kind": 3,
      "before": false,
      "after": true,
      "error": {
        "name": "Error",
        "code": "ERR_MAD_DOM_HIERARCHY",
        "message": "[ERR_MAD_DOM_HIERARCHY] HierarchyRequestError: the operation would yield an incorrect document tree: innerHTML requires an Element, DocumentFragment or ShadowRoot node"
      }
    },
    {
      "name": "text.before.outer",
      "kind": 3,
      "before": true,
      "after": true,
      "error": {
        "name": "Error",
        "code": "ERR_MAD_DOM_HIERARCHY",
        "message": "[ERR_MAD_DOM_HIERARCHY] HierarchyRequestError: the operation would yield an incorrect document tree: outerHTML requires an Element node"
      }
    },
    {
      "name": "text.materialize",
      "kind": 3,
      "before": true,
      "after": true,
      "value": "materialized"
    },
    {
      "name": "text.after.inner",
      "kind": 3,
      "before": true,
      "after": true,
      "error": {
        "name": "Error",
        "code": "ERR_MAD_DOM_HIERARCHY",
        "message": "[ERR_MAD_DOM_HIERARCHY] HierarchyRequestError: the operation would yield an incorrect document tree: innerHTML requires an Element, DocumentFragment or ShadowRoot node"
      }
    },
    {
      "name": "text.after.outer",
      "kind": 3,
      "before": true,
      "after": true,
      "error": {
        "name": "Error",
        "code": "ERR_MAD_DOM_HIERARCHY",
        "message": "[ERR_MAD_DOM_HIERARCHY] HierarchyRequestError: the operation would yield an incorrect document tree: outerHTML requires an Element node"
      }
    },
    {
      "name": "text.native.inner",
      "kind": 3,
      "before": true,
      "after": true,
      "error": {
        "name": "Error",
        "code": "ERR_MAD_DOM_HIERARCHY",
        "message": "[ERR_MAD_DOM_HIERARCHY] HierarchyRequestError: the operation would yield an incorrect document tree: innerHTML requires an Element, DocumentFragment or ShadowRoot node"
      }
    },
    {
      "name": "text.native.outer",
      "kind": 3,
      "before": true,
      "after": true,
      "error": {
        "name": "Error",
        "code": "ERR_MAD_DOM_HIERARCHY",
        "message": "[ERR_MAD_DOM_HIERARCHY] HierarchyRequestError: the operation would yield an incorrect document tree: outerHTML requires an Element node"
      }
    },
    {
      "name": "comment.before.inner",
      "kind": 8,
      "before": true,
      "after": true,
      "error": {
        "name": "Error",
        "code": "ERR_MAD_DOM_HIERARCHY",
        "message": "[ERR_MAD_DOM_HIERARCHY] HierarchyRequestError: the operation would yield an incorrect document tree: innerHTML requires an Element, DocumentFragment or ShadowRoot node"
      }
    },
    {
      "name": "comment.before.outer",
      "kind": 8,
      "before": true,
      "after": true,
      "error": {
        "name": "Error",
        "code": "ERR_MAD_DOM_HIERARCHY",
        "message": "[ERR_MAD_DOM_HIERARCHY] HierarchyRequestError: the operation would yield an incorrect document tree: outerHTML requires an Element node"
      }
    },
    {
      "name": "comment.materialize",
      "kind": 8,
      "before": true,
      "after": true,
      "value": "materialized"
    },
    {
      "name": "comment.after.inner",
      "kind": 8,
      "before": true,
      "after": true,
      "error": {
        "name": "Error",
        "code": "ERR_MAD_DOM_HIERARCHY",
        "message": "[ERR_MAD_DOM_HIERARCHY] HierarchyRequestError: the operation would yield an incorrect document tree: innerHTML requires an Element, DocumentFragment or ShadowRoot node"
      }
    },
    {
      "name": "comment.after.outer",
      "kind": 8,
      "before": true,
      "after": true,
      "error": {
        "name": "Error",
        "code": "ERR_MAD_DOM_HIERARCHY",
        "message": "[ERR_MAD_DOM_HIERARCHY] HierarchyRequestError: the operation would yield an incorrect document tree: outerHTML requires an Element node"
      }
    },
    {
      "name": "comment.native.inner",
      "kind": 8,
      "before": true,
      "after": true,
      "error": {
        "name": "Error",
        "code": "ERR_MAD_DOM_HIERARCHY",
        "message": "[ERR_MAD_DOM_HIERARCHY] HierarchyRequestError: the operation would yield an incorrect document tree: innerHTML requires an Element, DocumentFragment or ShadowRoot node"
      }
    },
    {
      "name": "comment.native.outer",
      "kind": 8,
      "before": true,
      "after": true,
      "error": {
        "name": "Error",
        "code": "ERR_MAD_DOM_HIERARCHY",
        "message": "[ERR_MAD_DOM_HIERARCHY] HierarchyRequestError: the operation would yield an incorrect document tree: outerHTML requires an Element node"
      }
    },
    {
      "name": "fragment.inner",
      "kind": 11,
      "before": true,
      "after": true,
      "value": "﻿fragment"
    },
    {
      "name": "fragment.native.inner",
      "kind": 11,
      "before": true,
      "after": true,
      "value": "﻿fragment"
    },
    {
      "name": "fragment.borrowed.before.inner",
      "kind": 11,
      "before": true,
      "after": true,
      "value": "﻿fragment"
    },
    {
      "name": "fragment.borrowed.before.outer",
      "kind": 11,
      "before": true,
      "after": true,
      "error": {
        "name": "Error",
        "code": "ERR_MAD_DOM_HIERARCHY",
        "message": "[ERR_MAD_DOM_HIERARCHY] HierarchyRequestError: the operation would yield an incorrect document tree: outerHTML requires an Element node"
      }
    },
    {
      "name": "fragment.borrowed.materialize",
      "kind": 11,
      "before": true,
      "after": true,
      "value": "materialized"
    },
    {
      "name": "fragment.borrowed.after.inner",
      "kind": 11,
      "before": true,
      "after": true,
      "value": "﻿fragment"
    },
    {
      "name": "fragment.borrowed.after.outer",
      "kind": 11,
      "before": true,
      "after": true,
      "error": {
        "name": "Error",
        "code": "ERR_MAD_DOM_HIERARCHY",
        "message": "[ERR_MAD_DOM_HIERARCHY] HierarchyRequestError: the operation would yield an incorrect document tree: outerHTML requires an Element node"
      }
    },
    {
      "name": "fragment.borrowed.native.inner",
      "kind": 11,
      "before": true,
      "after": true,
      "value": "﻿fragment"
    },
    {
      "name": "fragment.borrowed.native.outer",
      "kind": 11,
      "before": true,
      "after": true,
      "error": {
        "name": "Error",
        "code": "ERR_MAD_DOM_HIERARCHY",
        "message": "[ERR_MAD_DOM_HIERARCHY] HierarchyRequestError: the operation would yield an incorrect document tree: outerHTML requires an Element node"
      }
    },
    {
      "name": "destroyedLazy.inner",
      "kind": 1,
      "before": false,
      "after": false,
      "error": {
        "name": "Error",
        "code": "ERR_MAD_DOM_DOCUMENT_DESTROYED",
        "message": "[ERR_MAD_DOM_DOCUMENT_DESTROYED] the document has been destroyed"
      }
    },
    {
      "name": "destroyedLazy.outer",
      "kind": 1,
      "before": false,
      "after": false,
      "error": {
        "name": "Error",
        "code": "ERR_MAD_DOM_DOCUMENT_DESTROYED",
        "message": "[ERR_MAD_DOM_DOCUMENT_DESTROYED] the document has been destroyed"
      }
    },
    {
      "name": "destroyedMaterialized.inner",
      "kind": 1,
      "before": true,
      "after": true,
      "error": {
        "name": "Error",
        "code": "ERR_MAD_DOM_DOCUMENT_DESTROYED",
        "message": "[ERR_MAD_DOM_DOCUMENT_DESTROYED] the document has been destroyed"
      }
    },
    {
      "name": "destroyedMaterialized.outer",
      "kind": 1,
      "before": true,
      "after": true,
      "error": {
        "name": "Error",
        "code": "ERR_MAD_DOM_DOCUMENT_DESTROYED",
        "message": "[ERR_MAD_DOM_DOCUMENT_DESTROYED] the document has been destroyed"
      }
    }
  ],
  "calls": [
    {
      "phase": "element0.before.inner",
      "call": "NodeAPI.materializeNodeToken"
    },
    {
      "phase": "element0.before.inner",
      "call": "NodeAPI.innerHTML"
    },
    {
      "phase": "element0.before.outer",
      "call": "NodeAPI.outerHTML"
    },
    {
      "phase": "element0.after.inner",
      "call": "NodeAPI.innerHTML"
    },
    {
      "phase": "element0.after.outer",
      "call": "NodeAPI.outerHTML"
    },
    {
      "phase": "element0.native.inner",
      "call": "NodeAPI.innerHTML"
    },
    {
      "phase": "element0.native.outer",
      "call": "NodeAPI.outerHTML"
    },
    {
      "phase": "element1.before.inner",
      "call": "NodeAPI.materializeNodeToken"
    },
    {
      "phase": "element1.before.inner",
      "call": "NodeAPI.innerHTML"
    },
    {
      "phase": "element1.before.outer",
      "call": "NodeAPI.outerHTML"
    },
    {
      "phase": "element1.after.inner",
      "call": "NodeAPI.innerHTML"
    },
    {
      "phase": "element1.after.outer",
      "call": "NodeAPI.outerHTML"
    },
    {
      "phase": "element1.native.inner",
      "call": "NodeAPI.innerHTML"
    },
    {
      "phase": "element1.native.outer",
      "call": "NodeAPI.outerHTML"
    },
    {
      "phase": "element2.before.inner",
      "call": "NodeAPI.materializeNodeToken"
    },
    {
      "phase": "element2.before.inner",
      "call": "NodeAPI.innerHTML"
    },
    {
      "phase": "element2.before.outer",
      "call": "NodeAPI.outerHTML"
    },
    {
      "phase": "element2.after.inner",
      "call": "NodeAPI.innerHTML"
    },
    {
      "phase": "element2.after.outer",
      "call": "NodeAPI.outerHTML"
    },
    {
      "phase": "element2.native.inner",
      "call": "NodeAPI.innerHTML"
    },
    {
      "phase": "element2.native.outer",
      "call": "NodeAPI.outerHTML"
    },
    {
      "phase": "text.before.inner",
      "call": "NodeAPI.materializeNodeToken"
    },
    {
      "phase": "text.before.inner",
      "call": "NodeAPI.innerHTML"
    },
    {
      "phase": "text.before.outer",
      "call": "NodeAPI.outerHTML"
    },
    {
      "phase": "text.after.inner",
      "call": "NodeAPI.innerHTML"
    },
    {
      "phase": "text.after.outer",
      "call": "NodeAPI.outerHTML"
    },
    {
      "phase": "text.native.inner",
      "call": "NodeAPI.innerHTML"
    },
    {
      "phase": "text.native.outer",
      "call": "NodeAPI.outerHTML"
    },
    {
      "phase": "comment.before.inner",
      "call": "NodeAPI.innerHTML"
    },
    {
      "phase": "comment.before.outer",
      "call": "NodeAPI.outerHTML"
    },
    {
      "phase": "comment.after.inner",
      "call": "NodeAPI.innerHTML"
    },
    {
      "phase": "comment.after.outer",
      "call": "NodeAPI.outerHTML"
    },
    {
      "phase": "comment.native.inner",
      "call": "NodeAPI.innerHTML"
    },
    {
      "phase": "comment.native.outer",
      "call": "NodeAPI.outerHTML"
    },
    {
      "phase": "fragment.inner",
      "call": "NodeAPI.innerHTML"
    },
    {
      "phase": "fragment.native.inner",
      "call": "NodeAPI.innerHTML"
    },
    {
      "phase": "fragment.borrowed.before.inner",
      "call": "NodeAPI.innerHTML"
    },
    {
      "phase": "fragment.borrowed.before.outer",
      "call": "NodeAPI.outerHTML"
    },
    {
      "phase": "fragment.borrowed.after.inner",
      "call": "NodeAPI.innerHTML"
    },
    {
      "phase": "fragment.borrowed.after.outer",
      "call": "NodeAPI.outerHTML"
    },
    {
      "phase": "fragment.borrowed.native.inner",
      "call": "NodeAPI.innerHTML"
    },
    {
      "phase": "fragment.borrowed.native.outer",
      "call": "NodeAPI.outerHTML"
    },
    {
      "phase": "destroyedLazy.inner",
      "call": "NodeAPI.materializeNodeToken"
    },
    {
      "phase": "destroyedLazy.outer",
      "call": "NodeAPI.materializeNodeToken"
    },
    {
      "phase": "destroyedMaterialized.inner",
      "call": "NodeAPI.innerHTML"
    },
    {
      "phase": "destroyedMaterialized.outer",
      "call": "NodeAPI.outerHTML"
    }
  ]
}
