/tmp/mad-dom-bun-performance-01/runtimes/latest/bun-linux-x64/bun /home/ubuntu/.herdr/worktrees/mad-dom/herdr-plan-bun-native-performance-04-checksum-io-performance/plans/bun-native-performance/evidence/task-04/campaign.mjs after latest 0
after latest bun 0 0 A 0
after latest bun 0 1 B 0
after latest bun 0 2 B 0
after latest bun 0 3 A 0
after latest bun 0 4 A 0
after latest bun 0 5 B 0
after latest bun 0 6 B 0
after latest bun 0 7 A 0
after latest bun 1 0 A 0
after latest bun 1 1 B 0
after latest bun 1 2 B 0
after latest bun 1 3 A 0
after latest bun 1 4 A 0
after latest bun 1 5 B 0
after latest bun 1 6 B 0
after latest bun 1 7 A 0
after latest fallback 0 0 A 0
after latest fallback 0 1 B 0
after latest fallback 0 2 B 0
after latest fallback 0 3 A 0
after latest fallback 0 4 A 0
after latest fallback 0 5 B 0
after latest fallback 0 6 B 0
after latest fallback 0 7 A 0
after latest fallback 1 0 A 0
after latest fallback 1 1 B 0
after latest fallback 1 2 B 0
after latest fallback 1 3 A 0
after latest fallback 1 4 A 0
after latest fallback 1 5 B 0
after latest fallback 1 6 B 0
after latest fallback 1 7 A 0

/tmp/mad-dom-bun-performance-01/runtimes/baseline/bun-linux-x64/bun /home/ubuntu/.herdr/worktrees/mad-dom/herdr-plan-bun-native-performance-04-checksum-io-performance/plans/bun-native-performance/evidence/task-04/campaign.mjs concurrency baseline 0
concurrency baseline bun 0 0 A 0
concurrency baseline bun 0 1 B 0
concurrency baseline bun 0 2 B 0
concurrency baseline bun 0 3 A 0
concurrency baseline bun 0 4 A 0
concurrency baseline bun 0 5 B 0
concurrency baseline bun 0 6 B 0
concurrency baseline bun 0 7 A 0
concurrency baseline bun 1 0 A 0
concurrency baseline bun 1 1 B 0
concurrency baseline bun 1 2 B 0
concurrency baseline bun 1 3 A 0
concurrency baseline bun 1 4 A 0
concurrency baseline bun 1 5 B 0
concurrency baseline bun 1 6 B 0
concurrency baseline bun 1 7 A 0
concurrency baseline fallback 0 0 A 0
concurrency baseline fallback 0 1 B 0
concurrency baseline fallback 0 2 B 0
concurrency baseline fallback 0 3 A 0
concurrency baseline fallback 0 4 A 0
concurrency baseline fallback 0 5 B 0
concurrency baseline fallback 0 6 B 0
concurrency baseline fallback 0 7 A 0
concurrency baseline fallback 1 0 A 0
concurrency baseline fallback 1 1 B 0
concurrency baseline fallback 1 2 B 0
concurrency baseline fallback 1 3 A 0
concurrency baseline fallback 1 4 A 0
concurrency baseline fallback 1 5 B 0
concurrency baseline fallback 1 6 B 0
concurrency baseline fallback 1 7 A 0

/tmp/mad-dom-bun-performance-01/runtimes/latest/bun-linux-x64/bun /home/ubuntu/.herdr/worktrees/mad-dom/herdr-plan-bun-native-performance-04-checksum-io-performance/plans/bun-native-performance/evidence/task-04/campaign.mjs concurrency latest 0
concurrency latest bun 0 0 A 0
concurrency latest bun 0 1 B 0
concurrency latest bun 0 2 B 0
concurrency latest bun 0 3 A 0
concurrency latest bun 0 4 A 0
concurrency latest bun 0 5 B 0
concurrency latest bun 0 6 B 0
concurrency latest bun 0 7 A 0
concurrency latest bun 1 0 A 0
concurrency latest bun 1 1 B 0
concurrency latest bun 1 2 B 0
concurrency latest bun 1 3 A 0
concurrency latest bun 1 4 A 0
concurrency latest bun 1 5 B 0
concurrency latest bun 1 6 B 0
concurrency latest bun 1 7 A 0
concurrency latest fallback 0 0 A 0
concurrency latest fallback 0 1 B 0
concurrency latest fallback 0 2 B 0
concurrency latest fallback 0 3 A 0
concurrency latest fallback 0 4 A 0
concurrency latest fallback 0 5 B 0
concurrency latest fallback 0 6 B 0
concurrency latest fallback 0 7 A 0
concurrency latest fallback 1 0 A 0
concurrency latest fallback 1 1 B 0
concurrency latest fallback 1 2 B 0
concurrency latest fallback 1 3 A 0
concurrency latest fallback 1 4 A 0
concurrency latest fallback 1 5 B 0
concurrency latest fallback 1 6 B 0
concurrency latest fallback 1 7 A 0

/tmp/mad-dom-bun-performance-01/runtimes/baseline/bun-linux-x64/bun /home/ubuntu/.herdr/worktrees/mad-dom/herdr-plan-bun-native-performance-04-checksum-io-performance/plans/bun-native-performance/evidence/task-04/audit.mjs baseline 0
reference bun audit passed
reference fallback audit passed
candidate bun audit passed
candidate fallback audit passed
prototype bun audit passed
prototype fallback audit passed

/tmp/mad-dom-bun-performance-01/runtimes/latest/bun-linux-x64/bun /home/ubuntu/.herdr/worktrees/mad-dom/herdr-plan-bun-native-performance-04-checksum-io-performance/plans/bun-native-performance/evidence/task-04/audit.mjs latest 0
reference bun audit passed
reference fallback audit passed
candidate bun audit passed
candidate fallback audit passed
prototype bun audit passed
prototype fallback audit passed

after-baseline bun small.generate 1.2 [-0.2, 1.4]
after-baseline bun small.verify 2.4 [2.4, 1.7]
after-baseline bun many.generate -0.2 [-0.5, -3.9]
after-baseline bun many.verify -30.7 [-31.5, -27.9]
after-baseline bun large.generate -9.6 [-11.1, -1.1]
after-baseline bun large.verify -7.4 [-10.2, 5.0]
after-baseline fallback small.generate 2.4 [2.4, 6.0, 0.5, -1.7]
after-baseline fallback small.verify -0.1 [-2.2, 0.6, 0.8, -2.9]
after-baseline fallback many.generate 1.4 [0.3, 2.9, 1.9, -1.8]
after-baseline fallback many.verify -29.9 [-28.4, -27.6, -31.2, -32.0]
after-baseline fallback large.generate -0.2 [-0.4, 0.5, -1.2, -1.7]
after-baseline fallback large.verify 0.0 [0.7, -0.1, 0.3, -0.7]
after-latest bun small.generate -0.5 [3.2, -1.9, 3.7, -6.1]
after-latest bun small.verify 1.7 [4.0, -2.1, 4.2, -5.3]
after-latest bun many.generate -0.1 [3.6, 7.7, 2.2, -4.5]
after-latest bun many.verify -32.7 [-29.3, -26.2, -36.0, -32.8]
after-latest bun large.generate -2.4 [1.9, 4.9, -10.4, -1.2]
after-latest bun large.verify 1.7 [-1.2, 9.8, -4.7, 1.0]
after-latest fallback small.generate -3.6 [-9.5, -3.3, -1.8, 4.8]
after-latest fallback small.verify -0.4 [0.6, -0.8, -4.1, 2.6]
after-latest fallback many.generate 1.7 [-2.5, -1.3, 0.2, 0.3]
after-latest fallback many.verify -33.7 [-29.2, -32.2, -34.6, -33.4]
after-latest fallback large.generate -2.8 [4.6, -5.1, -1.0, -5.6]
after-latest fallback large.verify -1.0 [6.5, -0.3, -0.7, -2.4]
before-baseline io small.generate 5.1 [1.3, 9.4]
before-baseline io small.verify 7.6 [9.5, 4.1]
before-baseline io many.generate 29.8 [27.2, 24.3]
before-baseline io many.verify 18.1 [24.6, 14.8]
before-baseline io large.generate 10.3 [12.8, 1.6]
before-baseline io large.verify 2.0 [11.3, -3.0]
before-latest io small.generate 3.6 [4.6, 2.5, 3.2, 4.0]
before-latest io small.verify 5.0 [4.9, 2.2, 2.8, 5.7]
before-latest io many.generate 26.1 [33.1, 21.4, 32.2, 26.5]
before-latest io many.verify 22.2 [25.3, 15.2, 21.3, 28.4]
before-latest io large.generate -8.3 [-8.6, -8.0, -10.2, -7.5]
before-latest io large.verify -7.1 [-6.6, -5.5, -7.9, -8.2]
concurrency-baseline bun small.generate 3.5 [4.9, -0.6, -0.1, 8.2]
concurrency-baseline bun small.verify 4.6 [6.2, -2.8, 1.0, 13.8]
concurrency-baseline bun many.generate -4.1 [1.9, -15.2, -9.3, 3.5]
concurrency-baseline bun many.verify -2.9 [-2.0, -10.2, -8.0, 6.0]
concurrency-baseline bun large.generate 5.4 [0.2, -1.3, -0.5, 13.2]
concurrency-baseline bun large.verify 2.4 [-0.6, -0.6, 7.3, 6.0]
concurrency-baseline fallback small.generate -1.3 [-0.7, -6.6, 6.3, -0.6]
concurrency-baseline fallback small.verify 2.9 [-0.7, 1.2, 6.4, 2.7]
concurrency-baseline fallback many.generate 4.5 [3.8, -1.6, 10.4, 3.5]
concurrency-baseline fallback many.verify 3.8 [1.6, -1.2, 6.8, 5.5]
concurrency-baseline fallback large.generate 0.0 [-0.3, 0.3, 1.8, 0.6]
concurrency-baseline fallback large.verify -0.6 [-6.2, 5.2, -0.9, -1.4]
concurrency-latest bun small.generate 5.6 [-5.2, 6.4, 5.2, 6.7]
concurrency-latest bun small.verify 3.6 [6.1, 5.4, -0.1, 6.0]
concurrency-latest bun many.generate -5.9 [-3.5, -8.3, -7.9, -3.9]
concurrency-latest bun many.verify -6.8 [-8.4, -9.1, -7.0, -6.6]
concurrency-latest bun large.generate 1.4 [1.1, 0.2, 2.6, 1.2]
concurrency-latest bun large.verify 2.4 [11.7, 1.9, 1.1, 1.6]
concurrency-latest fallback small.generate 3.3 [1.5, 9.6, 1.1, 2.6]
concurrency-latest fallback small.verify 7.1 [7.2, 10.0, 1.2, 5.6]
concurrency-latest fallback many.generate 10.2 [9.3, 11.0, 10.8, 9.8]
concurrency-latest fallback many.verify 9.4 [10.4, 10.9, 11.7, 6.2]
concurrency-latest fallback large.generate 0.1 [-0.8, 2.7, 0.6, -0.8]
concurrency-latest fallback large.verify 1.8 [1.4, -0.5, 0.0, 11.8]

