
tests/bun/bun-host-io.test.js:
(pass) bunHostIO capability gate (T5) > reports the Bun APIs this runtime exposes and nothing else [0.17ms]
(pass) bunHostIO capability gate (T5) > the override env forces the Node-compatible fallback per call [0.07ms]
(pass) virtual server file IO (T5) > Bun.file#stat exposes the directory probe this runtime relies on [1.67ms]
(pass) virtual server file IO (T5) > file/directory serving is identical on the Bun and Node paths: / [1.53ms]
(pass) virtual server file IO (T5) > file/directory serving is identical on the Bun and Node paths: /sub/ [0.34ms]
(pass) virtual server file IO (T5) > file/directory serving is identical on the Bun and Node paths: /large.bin [15.33ms]
(pass) virtual server file IO (T5) > virtual server file IO fixtures cover root index, sub-directory index and a large binary file [0.11ms]
(pass) virtual server file IO (T5) > 404 keeps the happy-dom page, status, content type and request URL on both paths [1.00ms]
(pass) virtual server file IO (T5) > large-file bytes arrive intact through the Response body stream [21.53ms]
(pass) sync fetch child transport (T5) > a clean child round-trips identically on the Bun and Node transports [11.17ms]
(pass) sync fetch child transport (T5) > a nonzero exit surfaces as a normalized exitCode on both transports [9.30ms]
(pass) sync fetch child transport (T5) > a fatal signal surfaces as exitCode null + the signal name on both transports [11.76ms]
(pass) sync fetch child transport (T5) > output over the shared ceiling is an error on both transports [10.11ms]
(pass) sync fetch child transport (T5) > an oversized stderr also caps the child early on both transports [9.89ms]
(pass) sync fetch child transport (T5) > the child inherits the caller's environment on both transports [9.97ms]
(pass) sync fetch child transport (T5) > the Bun transport applies the same ceiling node uses for maxBuffer [8.80ms]
(pass) sync fetch over loopback (T5) > GET round-trips method, headers and body identically on both transports [15.36ms]
(pass) sync fetch over loopback (T5) > POST carries the base64-decoded body to the server on both transports [14.88ms]
(pass) sync fetch over loopback (T5) > a binary 64 KiB payload survives the base64 envelope unchanged [15.26ms]
(pass) sync fetch over loopback (T5) > a failed request throws the diagnostic NetworkError on both transports [28.66ms]
(pass) sync XMLHttpRequest over loopback (T5) > GET round-trips the request headers and body through the sync transport [13.94ms]
(pass) sync XMLHttpRequest over loopback (T5) > the disabled (Node child_process) lane returns the identical XHR snapshot [16.46ms]
(pass) sync XMLHttpRequest over loopback (T5) > POST body reaches the server and the response text is exposed [8.82ms]
(pass) sync XMLHttpRequest over loopback (T5) > redirects are followed and responseURL reports the final URL [7.72ms]
(pass) sync XMLHttpRequest over loopback (T5) > a large response body (2 MiB) round-trips through the sync transport [25.75ms]
(pass) sync XMLHttpRequest over loopback (T5) > a refused connection fires error + loadend and leaves the request DONE [21.72ms]
(pass) TLS option threading (T5) > async window.fetch rejects a self-signed cert by default and honors disableStrictSSL [8.17ms]
(pass) TLS option threading (T5) > sync XMLHttpRequest honors disableStrictSSL through the sync transport [18.32ms]
(pass) server lifecycle cleanup (T5) > stopping the responder releases its port and its process exits cleanly [15.30ms]
(pass) checksums CLI host IO (T5) > generate writes byte-identical manifests on the Bun and Node paths [35.80ms]
(pass) checksums CLI host IO (T5) > the capability gate supports a realm with no Bun global [1.26ms]
(pass) checksums CLI host IO (T5) > verify recomputes every entry on both paths [39.30ms]
(pass) checksums CLI host IO (T5) > a tampered tarball fails verification with exit code 1 on both paths [37.36ms]
(pass) Bun host IO benchmark (T5) > reports machine-readable Bun-vs-fallback rows over identical workloads [1958.48ms]
(pass) Bun host IO benchmark (T5) > assert rejects a measured row whose result validation failed [1880.43ms]
(pass) Bun host IO benchmark (T5) > assert rejects an available-path execution failure [1866.89ms]
(pass) Bun host IO benchmark (T5) > assert rejects comparable rows that are not valid on both sides [1917.73ms]
(pass) checksum release contract > all eight file/hash/write capability combinations preserve output and errors [1466.71ms]
(pass) checksum release contract > read exceptions still abort at the first unreadable entry [35.50ms]
(pass) actual checksum benchmark validation > checks every byte/file and preserves the whole ordered manifest [3.52ms]
(pass) actual checksum benchmark validation > reruns the real CLI every internal round and preserves startup samples [209.97ms]
(pass) checksum audit observes one scan and one tarball in flight on both paths [109.73ms]
(pass) empty checksum directories generate the original newline and fail verify [67.61ms]
(pass) checksum generate replaces poisoned manifests and rejects a no-op generator [108.06ms]

 44 pass
 0 fail
 513 expect() calls
Ran 44 tests across 1 file. [10.30s]
