
benchmark/dom-bench/report.test.js:
(pass) benchmark timing summaries > operation total preserves round pairing instead of adding medians [0.77ms]
(pass) benchmark timing summaries > rejects empty, invalid or unpaired samples [0.22ms]
(pass) benchmark comparison validity > requires identical complete workload metadata and checks [0.74ms]
(pass) benchmark comparison validity > invalid core results publish no speedup [1.53ms]
(pass) benchmark comparison validity > testing comparisons reject missing checks, changed runs and skipped cases [0.15ms]

benchmark/dom-bench/testing-worker.test.js:
(pass) unit-test benchmark fixtures > fixtureLifecycle satisfies its oracle on the reference engine [12.64ms]
(pass) unit-test benchmark fixtures > windowLifecycle satisfies its oracle on the reference engine [5.76ms]
(pass) unit-test benchmark fixtures > testingLibraryText satisfies its oracle on the reference engine [14.86ms]
(pass) unit-test benchmark fixtures > testingLibraryEvents satisfies its oracle on the reference engine [4.44ms]
(pass) unit-test benchmark fixtures > testingLibraryRole satisfies its oracle on the reference engine [28.70ms]
(pass) unit-test benchmark fixtures > testingLibraryLabel satisfies its oracle on the reference engine [10.84ms]
(pass) unit-test benchmark fixtures > todoInteractions satisfies its oracle on the reference engine [14.35ms]
(pass) unit-test benchmark fixtures > formSubmission satisfies its oracle on the reference engine [8.15ms]
(pass) unit-test benchmark fixtures > templateClone satisfies its oracle on the reference engine [8.58ms]
(pass) unit-test benchmark fixtures > keyedReconcile satisfies its oracle on the reference engine [4.34ms]
(pass) unit-test benchmark fixtures > asyncObserver satisfies its oracle on the reference engine [3.53ms]
(pass) unit-test benchmark fixtures > shadowComponent satisfies its oracle on the reference engine [3.69ms]
(pass) unit-test benchmark fixtures > snapshotRoundTrip satisfies its oracle on the reference engine [3.90ms]
(pass) unit-test benchmark fixtures > scaling changes case count, with at least one case [0.06ms]
(pass) unit-test benchmark validity > discards two warmup samples and verifies every round [49.09ms]
(pass) unit-test benchmark validity > reports a failure and continues the other scenarios [33.39ms]
(pass) unit-test benchmark validity > a later failure invalidates earlier measured samples [34.92ms]
(pass) unit-test benchmark validity > reports non-Error throws without crashing the worker [10.19ms]
(pass) unit-test benchmark validity > different outcomes across rounds invalidate the timing [19.63ms]
(pass) unit-test benchmark validity > matching fingerprints cannot conceal a skipped case [11.16ms]
(pass) unit-test benchmark validity > rejects invalid timing NaN [8.87ms]
(pass) unit-test benchmark validity > rejects invalid timing Infinity [9.31ms]
(pass) unit-test benchmark validity > rejects invalid timing -1 [9.08ms]

 28 pass
 0 fail
 85 expect() calls
Ran 28 tests across 2 files. [508.00ms]
