
tests/bun/bun-host-io.test.js:
(pass) bunHostIO capability gate (T5) > reports the Bun APIs this runtime exposes and nothing else [0.14ms]
(pass) bunHostIO capability gate (T5) > the override env forces the Node-compatible fallback per call [0.09ms]
(pass) virtual server file IO (T5) > Bun.file#stat exposes the directory probe this runtime relies on [1.12ms]
(pass) virtual server file IO (T5) > file/directory serving is identical on the Bun and Node paths: / [3.87ms]
(pass) virtual server file IO (T5) > file/directory serving is identical on the Bun and Node paths: /sub/ [0.29ms]
(pass) virtual server file IO (T5) > file/directory serving is identical on the Bun and Node paths: /large.bin [17.24ms]
(pass) virtual server file IO (T5) > virtual server file IO fixtures cover root index, sub-directory index and a large binary file [0.16ms]
(pass) virtual server file IO (T5) > 404 keeps the happy-dom page, status, content type and request URL on both paths [0.84ms]
(pass) virtual server file IO (T5) > large-file bytes arrive intact through the Response body stream [24.29ms]
(pass) sync fetch child transport (T5) > a clean child round-trips identically on the Bun and Node transports [13.89ms]
(pass) sync fetch child transport (T5) > a nonzero exit surfaces as a normalized exitCode on both transports [13.10ms]
(pass) sync fetch child transport (T5) > a fatal signal surfaces as exitCode null + the signal name on both transports [12.82ms]
(pass) sync fetch child transport (T5) > output over the shared ceiling is an error on both transports [13.21ms]
(pass) sync fetch child transport (T5) > an oversized stderr also caps the child early on both transports [13.29ms]
(pass) sync fetch child transport (T5) > the child inherits the caller's environment on both transports [13.01ms]
(pass) sync fetch child transport (T5) > the Bun transport applies the same ceiling node uses for maxBuffer [10.02ms]
(pass) sync fetch over loopback (T5) > GET round-trips method, headers and body identically on both transports [21.76ms]
(pass) sync fetch over loopback (T5) > POST carries the base64-decoded body to the server on both transports [19.99ms]
(pass) sync fetch over loopback (T5) > a binary 64 KiB payload survives the base64 envelope unchanged [22.91ms]
(pass) sync fetch over loopback (T5) > a failed request throws the diagnostic NetworkError on both transports [41.06ms]
(pass) sync XMLHttpRequest over loopback (T5) > GET round-trips the request headers and body through the sync transport [15.68ms]
(pass) sync XMLHttpRequest over loopback (T5) > the disabled (Node child_process) lane returns the identical XHR snapshot [19.86ms]
(pass) sync XMLHttpRequest over loopback (T5) > POST body reaches the server and the response text is exposed [10.00ms]
(pass) sync XMLHttpRequest over loopback (T5) > redirects are followed and responseURL reports the final URL [10.88ms]
(pass) sync XMLHttpRequest over loopback (T5) > a large response body (2 MiB) round-trips through the sync transport [28.32ms]
(pass) sync XMLHttpRequest over loopback (T5) > a refused connection fires error + loadend and leaves the request DONE [31.57ms]
(pass) TLS option threading (T5) > async window.fetch rejects a self-signed cert by default and honors disableStrictSSL [10.93ms]
(pass) TLS option threading (T5) > sync XMLHttpRequest honors disableStrictSSL through the sync transport [28.89ms]
(pass) server lifecycle cleanup (T5) > stopping the responder releases its port and its process exits cleanly [22.41ms]
(pass) checksums CLI host IO (T5) > generate writes byte-identical manifests on the Bun and Node paths [46.15ms]
(pass) checksums CLI host IO (T5) > the capability gate supports a realm with no Bun global [1.38ms]
(pass) checksums CLI host IO (T5) > verify recomputes every entry on both paths [45.31ms]
(pass) checksums CLI host IO (T5) > a tampered tarball fails verification with exit code 1 on both paths [45.30ms]
(pass) Bun host IO benchmark (T5) > reports machine-readable Bun-vs-fallback rows over identical workloads [2050.06ms]
(pass) Bun host IO benchmark (T5) > assert rejects a measured row whose result validation failed [2018.81ms]
(pass) Bun host IO benchmark (T5) > assert rejects an available-path execution failure [2010.92ms]
(pass) Bun host IO benchmark (T5) > assert rejects comparable rows that are not valid on both sides [2011.37ms]
(pass) checksum release contract > all eight file/hash/write capability combinations preserve output and errors [1955.52ms]
(pass) checksum release contract > read exceptions still abort at the first unreadable entry [50.21ms]
(pass) actual checksum benchmark validation > checks every byte/file and preserves the whole ordered manifest [8.02ms]
(pass) actual checksum benchmark validation > reruns the real CLI every internal round and preserves startup samples [278.82ms]
(pass) checksum audit observes one scan and one tarball in flight on both paths [146.37ms]
(pass) empty checksum directories generate the original newline and fail verify [93.52ms]

 43 pass
 0 fail
 481 expect() calls
Ran 43 tests across 1 file. [11.54s]
