
tests/bun/bun-host-io.test.js:
(pass) bunHostIO capability gate (T5) > reports the Bun APIs this runtime exposes and nothing else [0.13ms]
(pass) bunHostIO capability gate (T5) > the override env forces the Node-compatible fallback per call [0.07ms]
(pass) virtual server file IO (T5) > Bun.file#stat exposes the directory probe this runtime relies on [1.89ms]
(pass) virtual server file IO (T5) > file/directory serving is identical on the Bun and Node paths: / [1.69ms]
(pass) virtual server file IO (T5) > file/directory serving is identical on the Bun and Node paths: /sub/ [0.38ms]
(pass) virtual server file IO (T5) > file/directory serving is identical on the Bun and Node paths: /large.bin [15.60ms]
(pass) virtual server file IO (T5) > virtual server file IO fixtures cover root index, sub-directory index and a large binary file [0.15ms]
(pass) virtual server file IO (T5) > 404 keeps the happy-dom page, status, content type and request URL on both paths [0.96ms]
(pass) virtual server file IO (T5) > large-file bytes arrive intact through the Response body stream [23.74ms]
(pass) sync fetch child transport (T5) > a clean child round-trips identically on the Bun and Node transports [11.46ms]
(pass) sync fetch child transport (T5) > a nonzero exit surfaces as a normalized exitCode on both transports [10.39ms]
(pass) sync fetch child transport (T5) > a fatal signal surfaces as exitCode null + the signal name on both transports [9.96ms]
(pass) sync fetch child transport (T5) > output over the shared ceiling is an error on both transports [10.28ms]
(pass) sync fetch child transport (T5) > an oversized stderr also caps the child early on both transports [10.09ms]
(pass) sync fetch child transport (T5) > the child inherits the caller's environment on both transports [10.44ms]
(pass) sync fetch child transport (T5) > the Bun transport applies the same ceiling node uses for maxBuffer [8.32ms]
(pass) sync fetch over loopback (T5) > GET round-trips method, headers and body identically on both transports [17.06ms]
(pass) sync fetch over loopback (T5) > POST carries the base64-decoded body to the server on both transports [15.70ms]
(pass) sync fetch over loopback (T5) > a binary 64 KiB payload survives the base64 envelope unchanged [17.92ms]
(pass) sync fetch over loopback (T5) > a failed request throws the diagnostic NetworkError on both transports [30.53ms]
(pass) sync XMLHttpRequest over loopback (T5) > GET round-trips the request headers and body through the sync transport [13.29ms]
(pass) sync XMLHttpRequest over loopback (T5) > the disabled (Node child_process) lane returns the identical XHR snapshot [18.04ms]
(pass) sync XMLHttpRequest over loopback (T5) > POST body reaches the server and the response text is exposed [10.38ms]
(pass) sync XMLHttpRequest over loopback (T5) > redirects are followed and responseURL reports the final URL [8.04ms]
(pass) sync XMLHttpRequest over loopback (T5) > a large response body (2 MiB) round-trips through the sync transport [28.07ms]
(pass) sync XMLHttpRequest over loopback (T5) > a refused connection fires error + loadend and leaves the request DONE [22.50ms]
(pass) TLS option threading (T5) > async window.fetch rejects a self-signed cert by default and honors disableStrictSSL [8.03ms]
(pass) TLS option threading (T5) > sync XMLHttpRequest honors disableStrictSSL through the sync transport [19.91ms]
(pass) server lifecycle cleanup (T5) > stopping the responder releases its port and its process exits cleanly [15.43ms]
(pass) checksums CLI host IO (T5) > generate writes byte-identical manifests on the Bun and Node paths [39.54ms]
(pass) checksums CLI host IO (T5) > the capability gate supports a realm with no Bun global [1.43ms]
(pass) checksums CLI host IO (T5) > verify recomputes every entry on both paths [40.52ms]
(pass) checksums CLI host IO (T5) > a tampered tarball fails verification with exit code 1 on both paths [38.34ms]
(pass) Bun host IO benchmark (T5) > reports machine-readable Bun-vs-fallback rows over identical workloads [1907.67ms]
(pass) Bun host IO benchmark (T5) > assert rejects a measured row whose result validation failed [1904.40ms]
(pass) Bun host IO benchmark (T5) > assert rejects an available-path execution failure [1838.50ms]
(pass) Bun host IO benchmark (T5) > assert rejects comparable rows that are not valid on both sides [1903.89ms]
(pass) checksum release contract > all eight file/hash/write capability combinations preserve output and errors [1476.99ms]
(pass) checksum release contract > read exceptions still abort at the first unreadable entry [35.02ms]
(pass) actual checksum benchmark validation > checks every byte/file and preserves the whole ordered manifest [4.06ms]
(pass) actual checksum benchmark validation > reruns the real CLI every internal round and preserves startup samples [200.83ms]
(pass) checksum audit observes one scan and one tarball in flight on both paths [112.27ms]
(pass) empty checksum directories generate the original newline and fail verify [69.82ms]

 43 pass
 0 fail
 481 expect() calls
Ran 43 tests across 1 file. [10.29s]
