
tests/bun/ffi-memory.test.js:
(pass) Bun FFI memory and GC protocol > bounded churn returns every native lifecycle counter to baseline (FFI-enabled) [456.94ms]
(pass) Bun FFI memory and GC protocol > the same churn returns the same counters to baseline on the Node-API channel [434.39ms]
(pass) Bun FFI memory and GC protocol > explicit destroy releases documents without any GC, and counters drain after collect [16.46ms]
(pass) Bun FFI memory and GC protocol > native external ArrayBuffer callbacks honor retain/destroy/GC and release once [211.25ms]
(pass) FFI loader output memory protocol > corrupt output lengths cannot cause duplicate mutations or unbounded allocation [108.37ms]
(pass) FFI loader output memory protocol > createElements is served single-shot at any legal batch size [7.11ms]
(pass) FFI loader output memory protocol > destroyed-document FFI calls surface the frozen error, not a crash [0.86ms]
(pass) FFI loader output memory protocol > FFI copies and Node-API token buffers survive later calls, transfer, GC and destroy [7.70ms]
(pass) FFI loader output memory protocol > input lengths use the real view and mutable/detached stores are rejected [1.08ms]

tests/bun/ffi-fast-path.test.js:
(pass) Bun FFI data fast path > matches Node-API query and serialization on a real DOM workload [0.33ms]

tests/bun/native-loader.test.js:
(pass) T49 platform package naming (ADR-0005 §5) > maps every supported os/arch to the pinned platform-package name [0.09ms]
(pass) T49 platform package naming (ADR-0005 §5) > libc is explicit on linux and absent elsewhere [0.03ms]
(pass) T49 platform package naming (ADR-0005 §5) > platforms outside the matrix return null (unsupported) [0.03ms]
(pass) T49 platform package naming (ADR-0005 §5) > the expected ABI constant matches the binding's probe [0.06ms]
(pass) T49 platform info (ADR-0005 §6) > reports the host platform with no libc on non-linux [0.07ms]
(pass) T49 platform info (ADR-0005 §6) > honors the MAD_DOM_TEST_* overrides used by the install smoke [0.04ms]
(pass) T49 load-time error contract (ADR-0005 §9) > an unsupported platform fails fast with a stable code and message structure [11.41ms]
(pass) T49 load-time error contract (ADR-0005 §9) > a supported platform without an installed platform package fails with reinstall guidance [11.65ms]
(pass) T49 load-time error contract (ADR-0005 §9) > an ABI mismatch fails with MAD_DOM_ABI_MISMATCH naming both ABI versions [11.91ms]
(pass) T49 load-time error contract (ADR-0005 §9) > the happy path loads the dev artifact and passes the ABI probe [12.70ms]
(pass) T49 load-time error contract (ADR-0005 §9) > resetNativeLoaderForTests clears the cached resolution state [0.11ms]

 21 pass
 0 fail
 135 expect() calls
Ran 21 tests across 3 files. [1354.00ms]
