
tests/bun/ffi-memory.test.js:
166 |     const retained = [];
167 |     const copies = [];
168 |     for (let i = 0; i < 24; i++) {
169 |       const doc = createDocument();
170 |       try {
171 |         const { adapter: ffi, context } = ffiForDocument(doc);
                                                ^
TypeError: Cannot destructure property 'adapter' from null or undefined value
      at <anonymous> (/home/ubuntu/.herdr/worktrees/mad-dom/herdr-plan-bun-native-performance-05-integrated-performance-validation/tests/bun/ffi-memory.test.js:171:43)
(fail) FFI loader output memory protocol > all owned adapter outputs survive alternating multi-document results and destroy [1.23ms]
192 |   });
193 | 
194 |   test("live Worker adapters isolate owners and transferred results survive churn and destroy", async () => {
195 |     if (!hasArtifact) return;
196 |     const doc = createDocument();
197 |     const { adapter: ffi, context } = ffiForDocument(doc);
                                            ^
TypeError: Cannot destructure property 'adapter' from null or undefined value
      at <anonymous> (/home/ubuntu/.herdr/worktrees/mad-dom/herdr-plan-bun-native-performance-05-integrated-performance-validation/tests/bun/ffi-memory.test.js:197:39)
(fail) FFI loader output memory protocol > live Worker adapters isolate owners and transferred results survive churn and destroy [0.47ms]
236 |     const win = new Window();
237 |     try {
238 |       const { document } = win;
239 |       const state = nodeDocumentStateOf(document.body);
240 |       const ffi = state?.ffi;
241 |       expect(typeof ffi?.createElements).toBe("function");
                                               ^
error: expect(received).toBe(expected)

Expected: "function"
Received: "undefined"

      at <anonymous> (/home/ubuntu/.herdr/worktrees/mad-dom/herdr-plan-bun-native-performance-05-integrated-performance-validation/tests/bun/ffi-memory.test.js:241:42)
(fail) FFI loader output memory protocol > createElements is served single-shot at any legal batch size [2.43ms]
273 |     if (!hasArtifact) return;
274 |     const win = new Window();
275 |     const { document } = win;
276 |     const state = nodeDocumentStateOf(document.body);
277 |     const ffi = state?.ffi;
278 |     expect(typeof ffi?.querySnapshot).toBe("function");
                                            ^
error: expect(received).toBe(expected)

Expected: "function"
Received: "undefined"

      at <anonymous> (/home/ubuntu/.herdr/worktrees/mad-dom/herdr-plan-bun-native-performance-05-integrated-performance-validation/tests/bun/ffi-memory.test.js:278:39)
(fail) FFI loader output memory protocol > destroyed-document FFI calls surface the frozen error, not a crash [0.30ms]
290 | 
291 |   test("FFI copies and Node-API token buffers survive later calls, transfer, GC and destroy", async () => {
292 |     if (!hasArtifact) return;
293 |     const doc = createDocument();
294 |     const bound = ffiForDocument(doc);
295 |     expect(bound).not.toBeNull();
                            ^
error: expect(received).not.toBeNull()

Received: null

      at <anonymous> (/home/ubuntu/.herdr/worktrees/mad-dom/herdr-plan-bun-native-performance-05-integrated-performance-validation/tests/bun/ffi-memory.test.js:295:23)
(fail) FFI loader output memory protocol > FFI copies and Node-API token buffers survive later calls, transfer, GC and destroy [0.33ms]
316 |   });
317 | 
318 |   test("input lengths use the real view and mutable/detached stores are rejected", () => {
319 |     if (!hasArtifact) return;
320 |     const doc = createDocument();
321 |     const { adapter: ffi, context } = ffiForDocument(doc);
                                            ^
TypeError: Cannot destructure property 'adapter' from null or undefined value
      at <anonymous> (/home/ubuntu/.herdr/worktrees/mad-dom/herdr-plan-bun-native-performance-05-integrated-performance-validation/tests/bun/ffi-memory.test.js:321:39)
(fail) FFI loader output memory protocol > input lengths use the real view and mutable/detached stores are rejected [0.27ms]

 17 pass
 6 fail
 88 expect() calls
Ran 23 tests across 2 files. [1.74s]
