Bun native performance (explicit executable; source imports; same native image)
Usage:
  bun benchmark/bun-performance/run.mjs --bun /absolute/bun
    --reference-root /absolute/reference --reference-image /absolute/reference/build/mad-dom.node
    --out /absolute/new-evidence-dir [--mode ffi|source]
    [--candidate-root /absolute/candidate --candidate-image /absolute/candidate/build/mad-dom.node]
    [--ffi on|off] [--suites core,testing,raw,adapter,facade] [--sizes 1,0.1,2]
    [--groups 2] [--iterations 32] [--smoke] [--profile /absolute/profile-dir] [--diagnostic]
  bun benchmark/bun-performance/run.mjs --verify /absolute/evidence-dir

mode ffi: A=FFI off, B=FFI on, identical reference source/image/runtime.
mode source: A=reference, B=candidate, identical runtime and --ffi (default on).
Formal: two ABBA groups per suite, every letter a new process; 2 warmup + 9 measured.
Sizes run in the declared order in each process; 1 is primary, 0.1 and 2 auxiliary.
--smoke: 2 warmup + 1 measured, one iteration, size 0.001 unless specified; A/B only;
  correctness only, no speedup. Full 16 Core / 13 Testing / 19 hotspots per layer.
--profile DIR: independent A/B CPU profiles; diagnostics never produce a speedup.
--diagnostic: independent A/B JS allocation/copy/operation call counts; no speedup.
Every hotspot comparison first runs independent per-source/per-mode path audits.
Expected paths are source-informed descriptions; observed paths are audited calls.
--iterations changes hotspot operations per round (default 32; fixtures/setup untimed).
--verify revalidates every child, workload, capability, sample, order and summary input.
Missing image/capability, fallback, runtime mismatch, failed/skipped work => nonzero exit.
All failures/stdout/stderr/samples are preserved in --out. Existing output is refused.

Examples (set BASELINE and LATEST to the executables recorded in the reference manifest):
  "$BASELINE" benchmark/bun-performance/run.mjs --bun "$BASELINE" --reference-root "$REF" --reference-image "$REF/build/mad-dom.node" --mode ffi --out /tmp/baseline-ffi
  "$LATEST" benchmark/bun-performance/run.mjs --bun "$LATEST" --reference-root "$REF" --reference-image "$REF/build/mad-dom.node" --candidate-root "$PWD" --candidate-image "$PWD/build/mad-dom.node" --mode source --ffi on --out /tmp/latest-candidate
  "$BASELINE" benchmark/bun-performance/run.mjs --bun "$BASELINE" --reference-root "$REF" --reference-image "$REF/build/mad-dom.node" --smoke --out /tmp/smoke
  "$LATEST" benchmark/bun-performance/run.mjs --bun "$LATEST" --reference-root "$REF" --reference-image "$REF/build/mad-dom.node" --suites raw,adapter,facade --sizes 1 --profile /tmp/cpu-profiles --out /tmp/profile-evidence

