[
  {
    "name": "smoke-baseline-ffion",
    "valid": true,
    "kind": "smoke"
  },
  {
    "name": "smoke-latest-sourceoff",
    "valid": true,
    "kind": "smoke"
  },
  {
    "name": "smoke-latest-sourceon",
    "valid": true,
    "kind": "smoke"
  },
  {
    "name": "smoke-baseline-sourceoff",
    "valid": true,
    "kind": "smoke"
  },
  {
    "name": "smoke-baseline-sourceon",
    "valid": true,
    "kind": "smoke"
  },
  {
    "name": "baseline-source-on",
    "valid": true,
    "kind": "formal",
    "processes": 40,
    "supplementalSuites": [
      "core",
      "testing",
      "raw",
      "adapter",
      "facade"
    ],
    "repeatedRegressionRows": [
      {
        "suite": "core",
        "size": 1,
        "phase": "buildCreate"
      },
      {
        "suite": "core",
        "size": 2,
        "phase": "traverseCold"
      },
      {
        "suite": "raw",
        "size": 1,
        "phase": "query.small.cold"
      },
      {
        "suite": "raw",
        "size": 1,
        "phase": "query.small.hot"
      },
      {
        "suite": "raw",
        "size": 1,
        "phase": "innerHTML.grow-shrink"
      },
      {
        "suite": "raw",
        "size": 1,
        "phase": "create.8"
      },
      {
        "suite": "raw",
        "size": 0.1,
        "phase": "query.small.cold"
      },
      {
        "suite": "raw",
        "size": 0.1,
        "phase": "outerHTML.grow-shrink"
      },
      {
        "suite": "raw",
        "size": 0.1,
        "phase": "create.8"
      },
      {
        "suite": "raw",
        "size": 0.1,
        "phase": "create.32"
      },
      {
        "suite": "raw",
        "size": 0.1,
        "phase": "create.128"
      },
      {
        "suite": "raw",
        "size": 2,
        "phase": "query.small.cold"
      },
      {
        "suite": "raw",
        "size": 2,
        "phase": "query.small.hot"
      },
      {
        "suite": "raw",
        "size": 2,
        "phase": "query.large.cold"
      },
      {
        "suite": "raw",
        "size": 2,
        "phase": "query.large.hot"
      },
      {
        "suite": "raw",
        "size": 2,
        "phase": "child.grow-shrink"
      },
      {
        "suite": "raw",
        "size": 2,
        "phase": "innerHTML.unicode"
      },
      {
        "suite": "raw",
        "size": 2,
        "phase": "create.1"
      },
      {
        "suite": "raw",
        "size": 2,
        "phase": "create.8"
      },
      {
        "suite": "raw",
        "size": 2,
        "phase": "create.128"
      },
      {
        "suite": "adapter",
        "size": 1,
        "phase": "innerHTML.grow-shrink"
      },
      {
        "suite": "adapter",
        "size": 1,
        "phase": "create.1"
      },
      {
        "suite": "adapter",
        "size": 1,
        "phase": "create.32"
      },
      {
        "suite": "adapter",
        "size": 1,
        "phase": "create.128"
      },
      {
        "suite": "adapter",
        "size": 1,
        "phase": "create.256"
      },
      {
        "suite": "adapter",
        "size": 0.1,
        "phase": "query.small.cold"
      },
      {
        "suite": "adapter",
        "size": 0.1,
        "phase": "child.cold"
      },
      {
        "suite": "adapter",
        "size": 2,
        "phase": "query.small.hot"
      },
      {
        "suite": "facade",
        "size": 2,
        "phase": "create.1"
      }
    ]
  },
  {
    "name": "smoke-latest-ffion",
    "valid": true,
    "kind": "smoke"
  }
]
