001-core-1-A: core, FFI off, 1.4.0 (formal)
002-core-2-B: core, FFI on, 1.4.0 (formal)
003-core-3-B: core, FFI on, 1.4.0 (formal)
004-core-4-A: core, FFI off, 1.4.0 (formal)
005-core-5-A: core, FFI off, 1.4.0 (formal)
006-core-6-B: core, FFI on, 1.4.0 (formal)
007-core-7-B: core, FFI on, 1.4.0 (formal)
008-core-8-A: core, FFI off, 1.4.0 (formal)
009-testing-1-A: testing, FFI off, 1.4.0 (formal)
010-testing-2-B: testing, FFI on, 1.4.0 (formal)
011-testing-3-B: testing, FFI on, 1.4.0 (formal)
012-testing-4-A: testing, FFI off, 1.4.0 (formal)
013-testing-5-A: testing, FFI off, 1.4.0 (formal)
014-testing-6-B: testing, FFI on, 1.4.0 (formal)
015-testing-7-B: testing, FFI on, 1.4.0 (formal)
016-testing-8-A: testing, FFI off, 1.4.0 (formal)
audit-A-raw: independent path audit, FFI off
audit-B-raw: independent path audit, FFI on
017-raw-1-A: raw, FFI off, 1.4.0 (formal)
018-raw-2-B: raw, FFI on, 1.4.0 (formal)
019-raw-3-B: raw, FFI on, 1.4.0 (formal)
020-raw-4-A: raw, FFI off, 1.4.0 (formal)
021-raw-5-A: raw, FFI off, 1.4.0 (formal)
022-raw-6-B: raw, FFI on, 1.4.0 (formal)
023-raw-7-B: raw, FFI on, 1.4.0 (formal)
024-raw-8-A: raw, FFI off, 1.4.0 (formal)
audit-A-adapter: independent path audit, FFI off
audit-B-adapter: independent path audit, FFI on
025-adapter-1-A: adapter, FFI off, 1.4.0 (formal)
026-adapter-2-B: adapter, FFI on, 1.4.0 (formal)
027-adapter-3-B: adapter, FFI on, 1.4.0 (formal)
028-adapter-4-A: adapter, FFI off, 1.4.0 (formal)
029-adapter-5-A: adapter, FFI off, 1.4.0 (formal)
030-adapter-6-B: adapter, FFI on, 1.4.0 (formal)
031-adapter-7-B: adapter, FFI on, 1.4.0 (formal)
032-adapter-8-A: adapter, FFI off, 1.4.0 (formal)
audit-A-facade: independent path audit, FFI off
audit-B-facade: independent path audit, FFI on
033-facade-1-A: facade, FFI off, 1.4.0 (formal)
034-facade-2-B: facade, FFI on, 1.4.0 (formal)
035-facade-3-B: facade, FFI on, 1.4.0 (formal)
036-facade-4-A: facade, FFI off, 1.4.0 (formal)
037-facade-5-A: facade, FFI off, 1.4.0 (formal)
038-facade-6-B: facade, FFI on, 1.4.0 (formal)
039-facade-7-B: facade, FFI on, 1.4.0 (formal)
040-facade-8-A: facade, FFI off, 1.4.0 (formal)
