001-core-1-A: core, FFI off, 1.4.2 (formal)
002-core-2-B: core, FFI off, 1.4.2 (formal)
003-core-3-B: core, FFI off, 1.4.2 (formal)
004-core-4-A: core, FFI off, 1.4.2 (formal)
005-core-5-A: core, FFI off, 1.4.2 (formal)
006-core-6-B: core, FFI off, 1.4.2 (formal)
007-core-7-B: core, FFI off, 1.4.2 (formal)
008-core-8-A: core, FFI off, 1.4.2 (formal)
audit-A-raw: independent path audit, FFI off
audit-B-raw: independent path audit, FFI off
009-raw-1-A: raw, FFI off, 1.4.2 (formal)
010-raw-2-B: raw, FFI off, 1.4.2 (formal)
011-raw-3-B: raw, FFI off, 1.4.2 (formal)
012-raw-4-A: raw, FFI off, 1.4.2 (formal)
013-raw-5-A: raw, FFI off, 1.4.2 (formal)
014-raw-6-B: raw, FFI off, 1.4.2 (formal)
015-raw-7-B: raw, FFI off, 1.4.2 (formal)
016-raw-8-A: raw, FFI off, 1.4.2 (formal)
audit-A-adapter: independent path audit, FFI off
audit-B-adapter: independent path audit, FFI off
017-adapter-1-A: adapter, FFI off, 1.4.2 (formal)
018-adapter-2-B: adapter, FFI off, 1.4.2 (formal)
019-adapter-3-B: adapter, FFI off, 1.4.2 (formal)
020-adapter-4-A: adapter, FFI off, 1.4.2 (formal)
021-adapter-5-A: adapter, FFI off, 1.4.2 (formal)
022-adapter-6-B: adapter, FFI off, 1.4.2 (formal)
023-adapter-7-B: adapter, FFI off, 1.4.2 (formal)
024-adapter-8-A: adapter, FFI off, 1.4.2 (formal)
audit-A-facade: independent path audit, FFI off
audit-B-facade: independent path audit, FFI off
025-facade-1-A: facade, FFI off, 1.4.2 (formal)
026-facade-2-B: facade, FFI off, 1.4.2 (formal)
027-facade-3-B: facade, FFI off, 1.4.2 (formal)
028-facade-4-A: facade, FFI off, 1.4.2 (formal)
029-facade-5-A: facade, FFI off, 1.4.2 (formal)
030-facade-6-B: facade, FFI off, 1.4.2 (formal)
031-facade-7-B: facade, FFI off, 1.4.2 (formal)
032-facade-8-A: facade, FFI off, 1.4.2 (formal)
