002 report-runtime-baseline-on exit=0
003 native-suite1-baseline-on exit=0
004 native-suite2-baseline-on exit=0
005 native-suite3-baseline-on exit=0
006 native-suite4-baseline-on exit=0
007 native-suite5-baseline-on exit=0
008 native-suite6-baseline-on exit=0
009 selftest-boundary-baseline-on exit=0
010 selftest-io-baseline-on exit=0
011 selftest-probe-baseline-on exit=0
012 harness-bun-performance-baseline-on exit=0
013 harness-dom-bench-baseline-on exit=0
014 report-runtime-baseline-off exit=0
015 native-suite1-baseline-off exit=1
016 native-suite2-baseline-off exit=0
017 native-suite3-baseline-off exit=0
018 native-suite4-baseline-off exit=1
019 native-suite5-baseline-off exit=0
020 native-suite6-baseline-off exit=0
021 selftest-boundary-baseline-off exit=0
022 selftest-io-baseline-off exit=0
023 selftest-probe-baseline-off exit=0
024 harness-bun-performance-baseline-off exit=0
025 harness-dom-bench-baseline-off exit=0
026 report-runtime-latest-on exit=0
027 native-suite1-latest-on exit=0
028 native-suite2-latest-on exit=0
029 native-suite3-latest-on exit=0
030 native-suite4-latest-on exit=0
031 native-suite5-latest-on exit=0
032 native-suite6-latest-on exit=0
033 selftest-boundary-latest-on exit=0
034 selftest-io-latest-on exit=0
035 selftest-probe-latest-on exit=0
036 harness-bun-performance-latest-on exit=0
037 harness-dom-bench-latest-on exit=0
038 report-runtime-latest-off exit=0
039 native-suite1-latest-off exit=1
040 native-suite2-latest-off exit=0
041 native-suite3-latest-off exit=0
042 native-suite4-latest-off exit=1
043 native-suite5-latest-off exit=0
044 native-suite6-latest-off exit=0
045 selftest-boundary-latest-off exit=0
046 selftest-io-latest-off exit=0
047 selftest-probe-latest-off exit=0
048 harness-bun-performance-latest-off exit=0
049 harness-dom-bench-latest-off exit=0
{"batch":"focused","failures":4}
