$ bash crates/mad-dom-bun/build.sh
   Compiling proc-macro2 v1.0.107
   Compiling unicode-ident v1.0.24
   Compiling quote v1.0.47
   Compiling siphasher v1.0.3
   Compiling fastrand v2.5.0
   Compiling libc v0.2.189
   Compiling cfg-if v1.0.4
   Compiling smallvec v1.15.2
   Compiling parking_lot_core v0.9.12
   Compiling phf_shared v0.13.1
   Compiling new_debug_unreachable v1.0.6
   Compiling scopeguard v1.2.0
   Compiling precomputed-hash v0.1.1
   Compiling lock_api v0.4.14
   Compiling futures-sink v0.3.34
   Compiling futures-core v0.3.34
   Compiling futures-task v0.3.34
   Compiling phf_generator v0.13.1
   Compiling futures-channel v0.3.34
   Compiling futures-io v0.3.34
   Compiling phf_codegen v0.13.1
   Compiling memchr v2.8.3
   Compiling dtoa v1.0.11
   Compiling slab v0.4.12
   Compiling log v0.4.34
   Compiling pin-project-lite v0.2.17
   Compiling dtoa-short v0.3.5
   Compiling selectors v0.40.0
   Compiling tendril v0.5.1
   Compiling unicode-segmentation v1.13.3
   Compiling rustc-hash v2.1.3
   Compiling napi-build v2.4.1
   Compiling itoa v1.0.18
   Compiling stable_deref_trait v1.2.1
   Compiling bitflags v2.13.1
   Compiling syn v2.0.119
   Compiling string_cache_codegen v0.6.1
   Compiling syn v3.0.4
   Compiling convert_case v0.11.0
   Compiling servo_arc v0.4.3
   Compiling napi v3.12.2
   Compiling libloading v0.9.0
   Compiling semver v1.0.28
   Compiling napi-sys v3.3.0
   Compiling nohash-hasher v0.2.0
   Compiling ctor v1.0.13
   Compiling web_atoms v0.2.6
   Compiling parking_lot v0.12.5
   Compiling string_cache v0.9.0
   Compiling futures-macro v0.3.34
   Compiling napi-derive-backend v6.1.2
   Compiling futures-util v0.3.34
   Compiling phf_macros v0.13.1
   Compiling derive_more-impl v2.1.1
   Compiling cssparser-macros v0.7.0
   Compiling phf v0.13.1
   Compiling cssparser v0.37.0
   Compiling derive_more v2.1.1
   Compiling markup5ever v0.39.0
   Compiling html5ever v0.39.0
   Compiling napi-derive v3.6.3
   Compiling futures-executor v0.3.34
   Compiling mad-dom-core v0.0.1-alpha.0 (/home/ubuntu/.herdr/worktrees/mad-dom/herdr-plan-bun-native-performance-01-balanced-baseline/crates/mad-dom-core)
   Compiling futures v0.3.34
warning: unused variable: `root`
   --> crates/mad-dom-core/src/dom/cross_document.rs:354:30
    |
354 |     fn verify_subtree(&self, root: NodeId) {
    |                              ^^^^ help: if this is intentional, prefix it with an underscore: `_root`
    |
    = note: `#[warn(unused_variables)]` (part of `#[warn(unused)]`) on by default

warning: unused variable: `node`
   --> crates/mad-dom-core/src/dom/cross_document.rs:366:32
    |
366 |     fn verify_tree_root(&self, node: NodeId) {
    |                                ^^^^ help: if this is intentional, prefix it with an underscore: `_node`

warning: unused variable: `node`
   --> crates/mad-dom-core/src/dom/mutation.rs:781:44
    |
781 |     pub(crate) fn verify_invariants(&self, node: NodeId) {
    |                                            ^^^^ help: if this is intentional, prefix it with an underscore: `_node`

warning: unused variable: `node`
   --> crates/mad-dom-core/src/dom/mutation.rs:808:42
    |
808 |     pub(crate) fn verify_detached(&self, node: NodeId) {
    |                                          ^^^^ help: if this is intentional, prefix it with an underscore: `_node`

warning: unused variable: `node`
   --> crates/mad-dom-core/src/html/apply.rs:285:28
    |
285 |     fn verify_apply(&self, node: NodeId) {
    |                            ^^^^ help: if this is intentional, prefix it with an underscore: `_node`

warning: `mad-dom-core` (lib) generated 5 warnings (run `cargo fix --lib -p mad-dom-core` to apply 5 suggestions)
   Compiling mad-dom-bun v0.0.1-alpha.0 (/home/ubuntu/.herdr/worktrees/mad-dom/herdr-plan-bun-native-performance-01-balanced-baseline/crates/mad-dom-bun)
    Finished `release` profile [optimized] target(s) in 16.63s
